Archive member included because of file (symbol)

.\CortexM0\ARM_GCC_484\Debug\RF_Switch_Matrix.a(cyfitter_cfg.o)
                              .\CortexM0\ARM_GCC_484\Debug\Cm0Start.o (cyfitter_cfg)
.\CortexM0\ARM_GCC_484\Debug\RF_Switch_Matrix.a(CyBootAsmGnu.o)
                              .\CortexM0\ARM_GCC_484\Debug\RF_Switch_Matrix.a(cyfitter_cfg.o) (CyDelayCycles)
.\CortexM0\ARM_GCC_484\Debug\RF_Switch_Matrix.a(CyLib.o)
                              .\CortexM0\ARM_GCC_484\Debug\main.o (CyDelay)
.\CortexM0\ARM_GCC_484\Debug\RF_Switch_Matrix.a(UART.o)
                              .\CortexM0\ARM_GCC_484\Debug\main.o (UART_Start)
.\CortexM0\ARM_GCC_484\Debug\RF_Switch_Matrix.a(uartRx_isr.o)
                              .\CortexM0\ARM_GCC_484\Debug\main.o (uartRx_isr_StartEx)
.\CortexM0\ARM_GCC_484\Debug\RF_Switch_Matrix.a(OutputReg.o)
                              .\CortexM0\ARM_GCC_484\Debug\main.o (OutputReg_Write)
.\CortexM0\ARM_GCC_484\Debug\RF_Switch_Matrix.a(CyLFClk.o)
                              .\CortexM0\ARM_GCC_484\Debug\RF_Switch_Matrix.a(cyfitter_cfg.o) (CySysClkWcoStart)
.\CortexM0\ARM_GCC_484\Debug\RF_Switch_Matrix.a(UART_IntClock.o)
                              .\CortexM0\ARM_GCC_484\Debug\RF_Switch_Matrix.a(UART.o) (UART_IntClock_StartEx)
.\CortexM0\ARM_GCC_484\Debug\RF_Switch_Matrix.a(CyFlash.o)
                              .\CortexM0\ARM_GCC_484\Debug\RF_Switch_Matrix.a(CyLib.o) (CySysFlashSetWaitCycles)
c:/program files (x86)/cypress/psoc creator/3.2/psoc creator/import/gnu/arm/4.8.4/bin/../lib/gcc/arm-none-eabi/4.8.4/armv6-m\libgcc.a(_udivsi3.o)
                              .\CortexM0\ARM_GCC_484\Debug\RF_Switch_Matrix.a(CyLib.o) (__aeabi_uidiv)
c:/program files (x86)/cypress/psoc creator/3.2/psoc creator/import/gnu/arm/4.8.4/bin/../lib/gcc/arm-none-eabi/4.8.4/armv6-m\libgcc.a(_divsi3.o)
                              .\CortexM0\ARM_GCC_484\Debug\main.o (__aeabi_idiv)
c:/program files (x86)/cypress/psoc creator/3.2/psoc creator/import/gnu/arm/4.8.4/bin/../lib/gcc/arm-none-eabi/4.8.4/armv6-m\libgcc.a(_dvmd_tls.o)
                              c:/program files (x86)/cypress/psoc creator/3.2/psoc creator/import/gnu/arm/4.8.4/bin/../lib/gcc/arm-none-eabi/4.8.4/armv6-m\libgcc.a(_udivsi3.o) (__aeabi_idiv0)
c:/program files (x86)/cypress/psoc creator/3.2/psoc creator/import/gnu/arm/4.8.4/bin/../lib/gcc/arm-none-eabi/4.8.4/../../../../arm-none-eabi/lib/armv6-m\libg_s.a(lib_a-errno.o)
                              .\CortexM0\ARM_GCC_484\Debug\Cm0Start.o (__errno)
c:/program files (x86)/cypress/psoc creator/3.2/psoc creator/import/gnu/arm/4.8.4/bin/../lib/gcc/arm-none-eabi/4.8.4/../../../../arm-none-eabi/lib/armv6-m\libg_s.a(lib_a-exit.o)
                              c:/program files (x86)/cypress/psoc creator/3.2/psoc creator/import/gnu/arm/4.8.4/bin/../lib/gcc/arm-none-eabi/4.8.4/../../../../arm-none-eabi/lib/armv6-m/crt0.o (exit)
c:/program files (x86)/cypress/psoc creator/3.2/psoc creator/import/gnu/arm/4.8.4/bin/../lib/gcc/arm-none-eabi/4.8.4/../../../../arm-none-eabi/lib/armv6-m\libg_s.a(lib_a-impure.o)
                              c:/program files (x86)/cypress/psoc creator/3.2/psoc creator/import/gnu/arm/4.8.4/bin/../lib/gcc/arm-none-eabi/4.8.4/../../../../arm-none-eabi/lib/armv6-m\libg_s.a(lib_a-exit.o) (_global_impure_ptr)
c:/program files (x86)/cypress/psoc creator/3.2/psoc creator/import/gnu/arm/4.8.4/bin/../lib/gcc/arm-none-eabi/4.8.4/../../../../arm-none-eabi/lib/armv6-m\libg_s.a(lib_a-init.o)
                              c:/program files (x86)/cypress/psoc creator/3.2/psoc creator/import/gnu/arm/4.8.4/bin/../lib/gcc/arm-none-eabi/4.8.4/../../../../arm-none-eabi/lib/armv6-m/crt0.o (__libc_init_array)
c:/program files (x86)/cypress/psoc creator/3.2/psoc creator/import/gnu/arm/4.8.4/bin/../lib/gcc/arm-none-eabi/4.8.4/../../../../arm-none-eabi/lib/armv6-m\libg_s.a(lib_a-malloc.o)
                              .\CortexM0\ARM_GCC_484\Debug\main.o (malloc)
c:/program files (x86)/cypress/psoc creator/3.2/psoc creator/import/gnu/arm/4.8.4/bin/../lib/gcc/arm-none-eabi/4.8.4/../../../../arm-none-eabi/lib/armv6-m\libg_s.a(lib_a-memcpy-stub.o)
                              .\CortexM0\ARM_GCC_484\Debug\RF_Switch_Matrix.a(cyfitter_cfg.o) (memcpy)
c:/program files (x86)/cypress/psoc creator/3.2/psoc creator/import/gnu/arm/4.8.4/bin/../lib/gcc/arm-none-eabi/4.8.4/../../../../arm-none-eabi/lib/armv6-m\libg_s.a(lib_a-memset.o)
                              c:/program files (x86)/cypress/psoc creator/3.2/psoc creator/import/gnu/arm/4.8.4/bin/../lib/gcc/arm-none-eabi/4.8.4/../../../../arm-none-eabi/lib/armv6-m/crt0.o (memset)
c:/program files (x86)/cypress/psoc creator/3.2/psoc creator/import/gnu/arm/4.8.4/bin/../lib/gcc/arm-none-eabi/4.8.4/../../../../arm-none-eabi/lib/armv6-m\libg_s.a(lib_a-nano-freer.o)
                              c:/program files (x86)/cypress/psoc creator/3.2/psoc creator/import/gnu/arm/4.8.4/bin/../lib/gcc/arm-none-eabi/4.8.4/../../../../arm-none-eabi/lib/armv6-m\libg_s.a(lib_a-malloc.o) (_free_r)
c:/program files (x86)/cypress/psoc creator/3.2/psoc creator/import/gnu/arm/4.8.4/bin/../lib/gcc/arm-none-eabi/4.8.4/../../../../arm-none-eabi/lib/armv6-m\libg_s.a(lib_a-nano-mallocr.o)
                              c:/program files (x86)/cypress/psoc creator/3.2/psoc creator/import/gnu/arm/4.8.4/bin/../lib/gcc/arm-none-eabi/4.8.4/../../../../arm-none-eabi/lib/armv6-m\libg_s.a(lib_a-malloc.o) (_malloc_r)
c:/program files (x86)/cypress/psoc creator/3.2/psoc creator/import/gnu/arm/4.8.4/bin/../lib/gcc/arm-none-eabi/4.8.4/../../../../arm-none-eabi/lib/armv6-m\libg_s.a(lib_a-sbrkr.o)
                              c:/program files (x86)/cypress/psoc creator/3.2/psoc creator/import/gnu/arm/4.8.4/bin/../lib/gcc/arm-none-eabi/4.8.4/../../../../arm-none-eabi/lib/armv6-m\libg_s.a(lib_a-nano-mallocr.o) (_sbrk_r)
c:/program files (x86)/cypress/psoc creator/3.2/psoc creator/import/gnu/arm/4.8.4/bin/../lib/gcc/arm-none-eabi/4.8.4/../../../../arm-none-eabi/lib/armv6-m\libg_s.a(lib_a-sprintf.o)
                              .\CortexM0\ARM_GCC_484\Debug\cli.o (sprintf)
c:/program files (x86)/cypress/psoc creator/3.2/psoc creator/import/gnu/arm/4.8.4/bin/../lib/gcc/arm-none-eabi/4.8.4/../../../../arm-none-eabi/lib/armv6-m\libg_s.a(lib_a-svfprintf.o)
                              c:/program files (x86)/cypress/psoc creator/3.2/psoc creator/import/gnu/arm/4.8.4/bin/../lib/gcc/arm-none-eabi/4.8.4/../../../../arm-none-eabi/lib/armv6-m\libg_s.a(lib_a-sprintf.o) (_svfprintf_r)
c:/program files (x86)/cypress/psoc creator/3.2/psoc creator/import/gnu/arm/4.8.4/bin/../lib/gcc/arm-none-eabi/4.8.4/../../../../arm-none-eabi/lib/armv6-m\libg_s.a(lib_a-vfprintf_i.o)
                              c:/program files (x86)/cypress/psoc creator/3.2/psoc creator/import/gnu/arm/4.8.4/bin/../lib/gcc/arm-none-eabi/4.8.4/../../../../arm-none-eabi/lib/armv6-m\libg_s.a(lib_a-svfprintf.o) (_printf_i)
c:/program files (x86)/cypress/psoc creator/3.2/psoc creator/import/gnu/arm/4.8.4/bin/../lib/gcc/arm-none-eabi/4.8.4/../../../../arm-none-eabi/lib/armv6-m\libg_s.a(lib_a-memchr-stub.o)
                              c:/program files (x86)/cypress/psoc creator/3.2/psoc creator/import/gnu/arm/4.8.4/bin/../lib/gcc/arm-none-eabi/4.8.4/../../../../arm-none-eabi/lib/armv6-m\libg_s.a(lib_a-svfprintf.o) (memchr)
c:/program files (x86)/cypress/psoc creator/3.2/psoc creator/import/gnu/arm/4.8.4/bin/../lib/gcc/arm-none-eabi/4.8.4/../../../../arm-none-eabi/lib/armv6-m\libg_s.a(lib_a-memmove.o)
                              c:/program files (x86)/cypress/psoc creator/3.2/psoc creator/import/gnu/arm/4.8.4/bin/../lib/gcc/arm-none-eabi/4.8.4/../../../../arm-none-eabi/lib/armv6-m\libg_s.a(lib_a-svfprintf.o) (memmove)
c:/program files (x86)/cypress/psoc creator/3.2/psoc creator/import/gnu/arm/4.8.4/bin/../lib/gcc/arm-none-eabi/4.8.4/../../../../arm-none-eabi/lib/armv6-m\libg_s.a(lib_a-nano-reallocr.o)
                              c:/program files (x86)/cypress/psoc creator/3.2/psoc creator/import/gnu/arm/4.8.4/bin/../lib/gcc/arm-none-eabi/4.8.4/../../../../arm-none-eabi/lib/armv6-m\libg_s.a(lib_a-svfprintf.o) (_realloc_r)
c:/program files (x86)/cypress/psoc creator/3.2/psoc creator/import/gnu/arm/4.8.4/bin/../lib/gcc/arm-none-eabi/4.8.4/../../../../arm-none-eabi/lib/armv6-m\libg_s.a(lib_a-reent.o)
                              c:/program files (x86)/cypress/psoc creator/3.2/psoc creator/import/gnu/arm/4.8.4/bin/../lib/gcc/arm-none-eabi/4.8.4/../../../../arm-none-eabi/lib/armv6-m\libg_s.a(lib_a-sbrkr.o) (errno)
c:/program files (x86)/cypress/psoc creator/3.2/psoc creator/import/gnu/arm/4.8.4/bin/../lib/gcc/arm-none-eabi/4.8.4/../../../../arm-none-eabi/lib/armv6-m\libg_s.a(lib_a-strlen.o)
                              c:/program files (x86)/cypress/psoc creator/3.2/psoc creator/import/gnu/arm/4.8.4/bin/../lib/gcc/arm-none-eabi/4.8.4/../../../../arm-none-eabi/lib/armv6-m\libg_s.a(lib_a-vfprintf_i.o) (strlen)
c:/program files (x86)/cypress/psoc creator/3.2/psoc creator/import/gnu/arm/4.8.4/bin/../lib/gcc/arm-none-eabi/4.8.4/../../../../arm-none-eabi/lib/armv6-m\libg_s.a(lib_a-nano-msizer.o)
                              c:/program files (x86)/cypress/psoc creator/3.2/psoc creator/import/gnu/arm/4.8.4/bin/../lib/gcc/arm-none-eabi/4.8.4/../../../../arm-none-eabi/lib/armv6-m\libg_s.a(lib_a-nano-reallocr.o) (_malloc_usable_size_r)

Allocating common symbols
Common symbol       size              file

errno               0x4               c:/program files (x86)/cypress/psoc creator/3.2/psoc creator/import/gnu/arm/4.8.4/bin/../lib/gcc/arm-none-eabi/4.8.4/../../../../arm-none-eabi/lib/armv6-m\libg_s.a(lib_a-reent.o)
curr                0x4               .\CortexM0\ARM_GCC_484\Debug\main.o
head                0x4               .\CortexM0\ARM_GCC_484\Debug\main.o

Discarded input sections

 .text          0x00000000        0x0 c:/program files (x86)/cypress/psoc creator/3.2/psoc creator/import/gnu/arm/4.8.4/bin/../lib/gcc/arm-none-eabi/4.8.4/armv6-m/crti.o
 .data          0x00000000        0x0 c:/program files (x86)/cypress/psoc creator/3.2/psoc creator/import/gnu/arm/4.8.4/bin/../lib/gcc/arm-none-eabi/4.8.4/armv6-m/crti.o
 .bss           0x00000000        0x0 c:/program files (x86)/cypress/psoc creator/3.2/psoc creator/import/gnu/arm/4.8.4/bin/../lib/gcc/arm-none-eabi/4.8.4/armv6-m/crti.o
 .data          0x00000000        0x4 c:/program files (x86)/cypress/psoc creator/3.2/psoc creator/import/gnu/arm/4.8.4/bin/../lib/gcc/arm-none-eabi/4.8.4/armv6-m/crtbegin.o
 .text          0x00000000       0x78 c:/program files (x86)/cypress/psoc creator/3.2/psoc creator/import/gnu/arm/4.8.4/bin/../lib/gcc/arm-none-eabi/4.8.4/../../../../arm-none-eabi/lib/armv6-m/crt0.o
 .data          0x00000000        0x0 c:/program files (x86)/cypress/psoc creator/3.2/psoc creator/import/gnu/arm/4.8.4/bin/../lib/gcc/arm-none-eabi/4.8.4/../../../../arm-none-eabi/lib/armv6-m/crt0.o
 .bss           0x00000000        0x0 c:/program files (x86)/cypress/psoc creator/3.2/psoc creator/import/gnu/arm/4.8.4/bin/../lib/gcc/arm-none-eabi/4.8.4/../../../../arm-none-eabi/lib/armv6-m/crt0.o
 .ARM.extab     0x00000000        0x0 c:/program files (x86)/cypress/psoc creator/3.2/psoc creator/import/gnu/arm/4.8.4/bin/../lib/gcc/arm-none-eabi/4.8.4/../../../../arm-none-eabi/lib/armv6-m/crt0.o
 .ARM.exidx     0x00000000        0x8 c:/program files (x86)/cypress/psoc creator/3.2/psoc creator/import/gnu/arm/4.8.4/bin/../lib/gcc/arm-none-eabi/4.8.4/../../../../arm-none-eabi/lib/armv6-m/crt0.o
 .text          0x00000000        0x0 .\CortexM0\ARM_GCC_484\Debug\main.o
 .text          0x00000000        0x0 .\CortexM0\ARM_GCC_484\Debug\cli.o
 .data          0x00000000        0x0 .\CortexM0\ARM_GCC_484\Debug\cli.o
 .bss           0x00000000        0x0 .\CortexM0\ARM_GCC_484\Debug\cli.o
 .text.sendString
                0x00000000       0x34 .\CortexM0\ARM_GCC_484\Debug\cli.o
 .text          0x00000000        0x0 .\CortexM0\ARM_GCC_484\Debug\cymetadata.o
 .data          0x00000000        0x0 .\CortexM0\ARM_GCC_484\Debug\cymetadata.o
 .bss           0x00000000        0x0 .\CortexM0\ARM_GCC_484\Debug\cymetadata.o
 .text          0x00000000        0x0 .\CortexM0\ARM_GCC_484\Debug\Cm0Start.o
 .bss           0x00000000        0x0 .\CortexM0\ARM_GCC_484\Debug\Cm0Start.o
 .text._exit    0x00000000       0x14 .\CortexM0\ARM_GCC_484\Debug\Cm0Start.o
 .text          0x00000000        0x0 .\CortexM0\ARM_GCC_484\Debug\RF_Switch_Matrix.a(cyfitter_cfg.o)
 .data          0x00000000        0x0 .\CortexM0\ARM_GCC_484\Debug\RF_Switch_Matrix.a(cyfitter_cfg.o)
 .bss           0x00000000        0x0 .\CortexM0\ARM_GCC_484\Debug\RF_Switch_Matrix.a(cyfitter_cfg.o)
 .text.CYCONFIGCPY
                0x00000000       0x24 .\CortexM0\ARM_GCC_484\Debug\RF_Switch_Matrix.a(cyfitter_cfg.o)
 .data          0x00000000        0x0 .\CortexM0\ARM_GCC_484\Debug\RF_Switch_Matrix.a(CyBootAsmGnu.o)
 .bss           0x00000000        0x0 .\CortexM0\ARM_GCC_484\Debug\RF_Switch_Matrix.a(CyBootAsmGnu.o)
 .text          0x00000000        0x0 .\CortexM0\ARM_GCC_484\Debug\RF_Switch_Matrix.a(CyLib.o)
 .bss           0x00000000       0x18 .\CortexM0\ARM_GCC_484\Debug\RF_Switch_Matrix.a(CyLib.o)
 .text.CySysClkImoStart
                0x00000000       0x1c .\CortexM0\ARM_GCC_484\Debug\RF_Switch_Matrix.a(CyLib.o)
 .text.CySysClkImoStop
                0x00000000       0x1c .\CortexM0\ARM_GCC_484\Debug\RF_Switch_Matrix.a(CyLib.o)
 .text.CySysClkWriteHfclkDirect
                0x00000000       0x44 .\CortexM0\ARM_GCC_484\Debug\RF_Switch_Matrix.a(CyLib.o)
 .text.CySysClkWriteSysclkDiv
                0x00000000       0x44 .\CortexM0\ARM_GCC_484\Debug\RF_Switch_Matrix.a(CyLib.o)
 .text.CySysLvdEnable
                0x00000000       0x64 .\CortexM0\ARM_GCC_484\Debug\RF_Switch_Matrix.a(CyLib.o)
 .text.CySysLvdDisable
                0x00000000       0x28 .\CortexM0\ARM_GCC_484\Debug\RF_Switch_Matrix.a(CyLib.o)
 .text.CySysLvdGetInterruptSource
                0x00000000       0x18 .\CortexM0\ARM_GCC_484\Debug\RF_Switch_Matrix.a(CyLib.o)
 .text.CySysLvdClearInterrupt
                0x00000000       0x14 .\CortexM0\ARM_GCC_484\Debug\RF_Switch_Matrix.a(CyLib.o)
 .text.CySysGetResetReason
                0x00000000       0x30 .\CortexM0\ARM_GCC_484\Debug\RF_Switch_Matrix.a(CyLib.o)
 .text.CyDisableInts
                0x00000000       0x24 .\CortexM0\ARM_GCC_484\Debug\RF_Switch_Matrix.a(CyLib.o)
 .text.CyEnableInts
                0x00000000       0x18 .\CortexM0\ARM_GCC_484\Debug\RF_Switch_Matrix.a(CyLib.o)
 .text.CyIntSetSysVector
                0x00000000       0x48 .\CortexM0\ARM_GCC_484\Debug\RF_Switch_Matrix.a(CyLib.o)
 .text.CyIntGetSysVector
                0x00000000       0x34 .\CortexM0\ARM_GCC_484\Debug\RF_Switch_Matrix.a(CyLib.o)
 .text.CyIntSetVector
                0x00000000       0x4c .\CortexM0\ARM_GCC_484\Debug\RF_Switch_Matrix.a(CyLib.o)
 .text.CyIntGetVector
                0x00000000       0x38 .\CortexM0\ARM_GCC_484\Debug\RF_Switch_Matrix.a(CyLib.o)
 .text.CyIntSetPriority
                0x00000000       0xa8 .\CortexM0\ARM_GCC_484\Debug\RF_Switch_Matrix.a(CyLib.o)
 .text.CyIntGetPriority
                0x00000000       0x58 .\CortexM0\ARM_GCC_484\Debug\RF_Switch_Matrix.a(CyLib.o)
 .text.CyIntEnable
                0x00000000       0x2c .\CortexM0\ARM_GCC_484\Debug\RF_Switch_Matrix.a(CyLib.o)
 .text.CyIntGetState
                0x00000000       0x34 .\CortexM0\ARM_GCC_484\Debug\RF_Switch_Matrix.a(CyLib.o)
 .text.CyIntDisable
                0x00000000       0x2c .\CortexM0\ARM_GCC_484\Debug\RF_Switch_Matrix.a(CyLib.o)
 .text.CyIntSetPending
                0x00000000       0x2c .\CortexM0\ARM_GCC_484\Debug\RF_Switch_Matrix.a(CyLib.o)
 .text.CyIntClearPending
                0x00000000       0x2c .\CortexM0\ARM_GCC_484\Debug\RF_Switch_Matrix.a(CyLib.o)
 .text.CySoftwareReset
                0x00000000       0x20 .\CortexM0\ARM_GCC_484\Debug\RF_Switch_Matrix.a(CyLib.o)
 .text.CyDelayUs
                0x00000000       0x28 .\CortexM0\ARM_GCC_484\Debug\RF_Switch_Matrix.a(CyLib.o)
 .text.CyDelayFreq
                0x00000000       0x80 .\CortexM0\ARM_GCC_484\Debug\RF_Switch_Matrix.a(CyLib.o)
 .text.CySysTickStart
                0x00000000       0x24 .\CortexM0\ARM_GCC_484\Debug\RF_Switch_Matrix.a(CyLib.o)
 .text.CySysTickInit
                0x00000000       0x64 .\CortexM0\ARM_GCC_484\Debug\RF_Switch_Matrix.a(CyLib.o)
 .text.CySysTickEnable
                0x00000000       0x1c .\CortexM0\ARM_GCC_484\Debug\RF_Switch_Matrix.a(CyLib.o)
 .text.CySysTickStop
                0x00000000       0x18 .\CortexM0\ARM_GCC_484\Debug\RF_Switch_Matrix.a(CyLib.o)
 .text.CySysTickEnableInterrupt
                0x00000000       0x18 .\CortexM0\ARM_GCC_484\Debug\RF_Switch_Matrix.a(CyLib.o)
 .text.CySysTickDisableInterrupt
                0x00000000       0x18 .\CortexM0\ARM_GCC_484\Debug\RF_Switch_Matrix.a(CyLib.o)
 .text.CySysTickSetReload
                0x00000000       0x1c .\CortexM0\ARM_GCC_484\Debug\RF_Switch_Matrix.a(CyLib.o)
 .text.CySysTickGetReload
                0x00000000       0x18 .\CortexM0\ARM_GCC_484\Debug\RF_Switch_Matrix.a(CyLib.o)
 .text.CySysTickGetValue
                0x00000000       0x18 .\CortexM0\ARM_GCC_484\Debug\RF_Switch_Matrix.a(CyLib.o)
 .text.CySysTickSetClockSource
                0x00000000       0x34 .\CortexM0\ARM_GCC_484\Debug\RF_Switch_Matrix.a(CyLib.o)
 .text.CySysTickGetCountFlag
                0x00000000       0x18 .\CortexM0\ARM_GCC_484\Debug\RF_Switch_Matrix.a(CyLib.o)
 .text.CySysTickClear
                0x00000000       0x14 .\CortexM0\ARM_GCC_484\Debug\RF_Switch_Matrix.a(CyLib.o)
 .text.CySysTickSetCallback
                0x00000000       0x2c .\CortexM0\ARM_GCC_484\Debug\RF_Switch_Matrix.a(CyLib.o)
 .text.CySysTickGetCallback
                0x00000000       0x1c .\CortexM0\ARM_GCC_484\Debug\RF_Switch_Matrix.a(CyLib.o)
 .text.CySysTickServiceCallbacks
                0x00000000       0x44 .\CortexM0\ARM_GCC_484\Debug\RF_Switch_Matrix.a(CyLib.o)
 .text.CyGetUniqueId
                0x00000000       0xc0 .\CortexM0\ARM_GCC_484\Debug\RF_Switch_Matrix.a(CyLib.o)
 .text          0x00000000        0x0 .\CortexM0\ARM_GCC_484\Debug\RF_Switch_Matrix.a(UART.o)
 .data          0x00000000        0x0 .\CortexM0\ARM_GCC_484\Debug\RF_Switch_Matrix.a(UART.o)
 .text.UART_Stop
                0x00000000       0x60 .\CortexM0\ARM_GCC_484\Debug\RF_Switch_Matrix.a(UART.o)
 .text.UART_ReadControlRegister
                0x00000000        0xc .\CortexM0\ARM_GCC_484\Debug\RF_Switch_Matrix.a(UART.o)
 .text.UART_WriteControlRegister
                0x00000000       0x14 .\CortexM0\ARM_GCC_484\Debug\RF_Switch_Matrix.a(UART.o)
 .text.UART_SetRxInterruptMode
                0x00000000       0x20 .\CortexM0\ARM_GCC_484\Debug\RF_Switch_Matrix.a(UART.o)
 .text.UART_ReadRxData
                0x00000000       0x20 .\CortexM0\ARM_GCC_484\Debug\RF_Switch_Matrix.a(UART.o)
 .text.UART_ReadRxStatus
                0x00000000       0x24 .\CortexM0\ARM_GCC_484\Debug\RF_Switch_Matrix.a(UART.o)
 .text.UART_GetByte
                0x00000000       0x24 .\CortexM0\ARM_GCC_484\Debug\RF_Switch_Matrix.a(UART.o)
 .text.UART_GetRxBufferSize
                0x00000000       0x30 .\CortexM0\ARM_GCC_484\Debug\RF_Switch_Matrix.a(UART.o)
 .text.UART_ClearRxBuffer
                0x00000000       0x44 .\CortexM0\ARM_GCC_484\Debug\RF_Switch_Matrix.a(UART.o)
 .text.UART_SetRxAddressMode
                0x00000000       0x14 .\CortexM0\ARM_GCC_484\Debug\RF_Switch_Matrix.a(UART.o)
 .text.UART_SetRxAddress1
                0x00000000       0x20 .\CortexM0\ARM_GCC_484\Debug\RF_Switch_Matrix.a(UART.o)
 .text.UART_SetRxAddress2
                0x00000000       0x20 .\CortexM0\ARM_GCC_484\Debug\RF_Switch_Matrix.a(UART.o)
 .text.UART_SetTxInterruptMode
                0x00000000       0x20 .\CortexM0\ARM_GCC_484\Debug\RF_Switch_Matrix.a(UART.o)
 .text.UART_ReadTxStatus
                0x00000000       0x14 .\CortexM0\ARM_GCC_484\Debug\RF_Switch_Matrix.a(UART.o)
 .text.UART_PutArray
                0x00000000       0x58 .\CortexM0\ARM_GCC_484\Debug\RF_Switch_Matrix.a(UART.o)
 .text.UART_PutCRLF
                0x00000000       0x34 .\CortexM0\ARM_GCC_484\Debug\RF_Switch_Matrix.a(UART.o)
 .text.UART_GetTxBufferSize
                0x00000000       0x48 .\CortexM0\ARM_GCC_484\Debug\RF_Switch_Matrix.a(UART.o)
 .text.UART_ClearTxBuffer
                0x00000000       0x44 .\CortexM0\ARM_GCC_484\Debug\RF_Switch_Matrix.a(UART.o)
 .text.UART_SendBreak
                0x00000000       0xb8 .\CortexM0\ARM_GCC_484\Debug\RF_Switch_Matrix.a(UART.o)
 .text.UART_SetTxAddressMode
                0x00000000       0x14 .\CortexM0\ARM_GCC_484\Debug\RF_Switch_Matrix.a(UART.o)
 .text          0x00000000        0x0 .\CortexM0\ARM_GCC_484\Debug\RF_Switch_Matrix.a(uartRx_isr.o)
 .data          0x00000000        0x0 .\CortexM0\ARM_GCC_484\Debug\RF_Switch_Matrix.a(uartRx_isr.o)
 .bss           0x00000000        0x0 .\CortexM0\ARM_GCC_484\Debug\RF_Switch_Matrix.a(uartRx_isr.o)
 .text.uartRx_isr_Start
                0x00000000       0x24 .\CortexM0\ARM_GCC_484\Debug\RF_Switch_Matrix.a(uartRx_isr.o)
 .text.uartRx_isr_Stop
                0x00000000       0x18 .\CortexM0\ARM_GCC_484\Debug\RF_Switch_Matrix.a(uartRx_isr.o)
 .text.uartRx_isr_Interrupt
                0x00000000        0x8 .\CortexM0\ARM_GCC_484\Debug\RF_Switch_Matrix.a(uartRx_isr.o)
 .text.uartRx_isr_GetVector
                0x00000000       0x14 .\CortexM0\ARM_GCC_484\Debug\RF_Switch_Matrix.a(uartRx_isr.o)
 .text.uartRx_isr_GetPriority
                0x00000000       0x2c .\CortexM0\ARM_GCC_484\Debug\RF_Switch_Matrix.a(uartRx_isr.o)
 .text.uartRx_isr_GetState
                0x00000000       0x1c .\CortexM0\ARM_GCC_484\Debug\RF_Switch_Matrix.a(uartRx_isr.o)
 .text.uartRx_isr_SetPending
                0x00000000       0x14 .\CortexM0\ARM_GCC_484\Debug\RF_Switch_Matrix.a(uartRx_isr.o)
 .text.uartRx_isr_ClearPending
                0x00000000       0x14 .\CortexM0\ARM_GCC_484\Debug\RF_Switch_Matrix.a(uartRx_isr.o)
 .text          0x00000000        0x0 .\CortexM0\ARM_GCC_484\Debug\RF_Switch_Matrix.a(OutputReg.o)
 .data          0x00000000        0x0 .\CortexM0\ARM_GCC_484\Debug\RF_Switch_Matrix.a(OutputReg.o)
 .bss           0x00000000        0x0 .\CortexM0\ARM_GCC_484\Debug\RF_Switch_Matrix.a(OutputReg.o)
 .text          0x00000000        0x0 .\CortexM0\ARM_GCC_484\Debug\RF_Switch_Matrix.a(CyLFClk.o)
 .data          0x00000000        0x4 .\CortexM0\ARM_GCC_484\Debug\RF_Switch_Matrix.a(CyLFClk.o)
 .bss           0x00000000       0x1c .\CortexM0\ARM_GCC_484\Debug\RF_Switch_Matrix.a(CyLFClk.o)
 .rodata        0x00000000        0xc .\CortexM0\ARM_GCC_484\Debug\RF_Switch_Matrix.a(CyLFClk.o)
 .text.CySysClkIloStart
                0x00000000       0x1c .\CortexM0\ARM_GCC_484\Debug\RF_Switch_Matrix.a(CyLFClk.o)
 .text.CySysClkIloStop
                0x00000000       0x64 .\CortexM0\ARM_GCC_484\Debug\RF_Switch_Matrix.a(CyLFClk.o)
 .text.CySysClkIloEnabled
                0x00000000       0x1c .\CortexM0\ARM_GCC_484\Debug\RF_Switch_Matrix.a(CyLFClk.o)
 .text.CySysClkGetLfclkSource
                0x00000000       0x20 .\CortexM0\ARM_GCC_484\Debug\RF_Switch_Matrix.a(CyLFClk.o)
 .text.CySysClkSetLfclkSource
                0x00000000       0x54 .\CortexM0\ARM_GCC_484\Debug\RF_Switch_Matrix.a(CyLFClk.o)
 .text.CySysClkWcoStop
                0x00000000       0x60 .\CortexM0\ARM_GCC_484\Debug\RF_Switch_Matrix.a(CyLFClk.o)
 .text.CySysClkWcoSetPowerMode
                0x00000000       0x34 .\CortexM0\ARM_GCC_484\Debug\RF_Switch_Matrix.a(CyLFClk.o)
 .text.CySysWdtLock
                0x00000000       0x34 .\CortexM0\ARM_GCC_484\Debug\RF_Switch_Matrix.a(CyLFClk.o)
 .text.CySysWdtLocked
                0x00000000       0x20 .\CortexM0\ARM_GCC_484\Debug\RF_Switch_Matrix.a(CyLFClk.o)
 .text.CySysWdtUnlock
                0x00000000       0x4c .\CortexM0\ARM_GCC_484\Debug\RF_Switch_Matrix.a(CyLFClk.o)
 .text.CySysWdtGetEnabledStatus
                0x00000000       0x30 .\CortexM0\ARM_GCC_484\Debug\RF_Switch_Matrix.a(CyLFClk.o)
 .text.CySysWdtSetMode
                0x00000000       0x60 .\CortexM0\ARM_GCC_484\Debug\RF_Switch_Matrix.a(CyLFClk.o)
 .text.CySysWdtGetMode
                0x00000000       0x24 .\CortexM0\ARM_GCC_484\Debug\RF_Switch_Matrix.a(CyLFClk.o)
 .text.CySysWdtSetClearOnMatch
                0x00000000       0x70 .\CortexM0\ARM_GCC_484\Debug\RF_Switch_Matrix.a(CyLFClk.o)
 .text.CySysWdtGetClearOnMatch
                0x00000000       0x40 .\CortexM0\ARM_GCC_484\Debug\RF_Switch_Matrix.a(CyLFClk.o)
 .text.CySysWdtEnable
                0x00000000       0x64 .\CortexM0\ARM_GCC_484\Debug\RF_Switch_Matrix.a(CyLFClk.o)
 .text.CySysWdtDisable
                0x00000000       0x70 .\CortexM0\ARM_GCC_484\Debug\RF_Switch_Matrix.a(CyLFClk.o)
 .text.CySysWdtSetCascade
                0x00000000       0x58 .\CortexM0\ARM_GCC_484\Debug\RF_Switch_Matrix.a(CyLFClk.o)
 .text.CySysWdtGetCascade
                0x00000000       0x1c .\CortexM0\ARM_GCC_484\Debug\RF_Switch_Matrix.a(CyLFClk.o)
 .text.CySysWdtSetMatch
                0x00000000       0x90 .\CortexM0\ARM_GCC_484\Debug\RF_Switch_Matrix.a(CyLFClk.o)
 .text.CySysWdtSetToggleBit
                0x00000000       0x44 .\CortexM0\ARM_GCC_484\Debug\RF_Switch_Matrix.a(CyLFClk.o)
 .text.CySysWdtGetToggleBit
                0x00000000       0x18 .\CortexM0\ARM_GCC_484\Debug\RF_Switch_Matrix.a(CyLFClk.o)
 .text.CySysWdtGetMatch
                0x00000000       0x44 .\CortexM0\ARM_GCC_484\Debug\RF_Switch_Matrix.a(CyLFClk.o)
 .text.CySysWdtGetCount
                0x00000000       0x54 .\CortexM0\ARM_GCC_484\Debug\RF_Switch_Matrix.a(CyLFClk.o)
 .text.CySysWdtGetInterruptSource
                0x00000000       0x1c .\CortexM0\ARM_GCC_484\Debug\RF_Switch_Matrix.a(CyLFClk.o)
 .text.CySysWdtClearInterrupt
                0x00000000       0x70 .\CortexM0\ARM_GCC_484\Debug\RF_Switch_Matrix.a(CyLFClk.o)
 .text.CySysWdtResetCounters
                0x00000000       0x34 .\CortexM0\ARM_GCC_484\Debug\RF_Switch_Matrix.a(CyLFClk.o)
 .text.CySysWdtSetInterruptCallback
                0x00000000       0x40 .\CortexM0\ARM_GCC_484\Debug\RF_Switch_Matrix.a(CyLFClk.o)
 .text.CySysWdtGetInterruptCallback
                0x00000000       0x34 .\CortexM0\ARM_GCC_484\Debug\RF_Switch_Matrix.a(CyLFClk.o)
 .text.CySysWdtEnableCounterIsr
                0x00000000       0x50 .\CortexM0\ARM_GCC_484\Debug\RF_Switch_Matrix.a(CyLFClk.o)
 .text.CySysWdtDisableCounterIsr
                0x00000000       0x38 .\CortexM0\ARM_GCC_484\Debug\RF_Switch_Matrix.a(CyLFClk.o)
 .text.CySysWdtIsr
                0x00000000       0xec .\CortexM0\ARM_GCC_484\Debug\RF_Switch_Matrix.a(CyLFClk.o)
 .text.CySysTimerDelay
                0x00000000       0x6c .\CortexM0\ARM_GCC_484\Debug\RF_Switch_Matrix.a(CyLFClk.o)
 .text.CySysTimerDelayUntilMatch
                0x00000000       0xb0 .\CortexM0\ARM_GCC_484\Debug\RF_Switch_Matrix.a(CyLFClk.o)
 .text.CySysWatchdogFeed
                0x00000000       0x88 .\CortexM0\ARM_GCC_484\Debug\RF_Switch_Matrix.a(CyLFClk.o)
 .text.CySysClkLfclkPosedgeCatch
                0x00000000       0x9c .\CortexM0\ARM_GCC_484\Debug\RF_Switch_Matrix.a(CyLFClk.o)
 .text.CySysClkLfclkPosedgeRestore
                0x00000000       0x3c .\CortexM0\ARM_GCC_484\Debug\RF_Switch_Matrix.a(CyLFClk.o)
 .text          0x00000000        0x0 .\CortexM0\ARM_GCC_484\Debug\RF_Switch_Matrix.a(UART_IntClock.o)
 .data          0x00000000        0x0 .\CortexM0\ARM_GCC_484\Debug\RF_Switch_Matrix.a(UART_IntClock.o)
 .bss           0x00000000        0x0 .\CortexM0\ARM_GCC_484\Debug\RF_Switch_Matrix.a(UART_IntClock.o)
 .text.UART_IntClock_Stop
                0x00000000       0x20 .\CortexM0\ARM_GCC_484\Debug\RF_Switch_Matrix.a(UART_IntClock.o)
 .text.UART_IntClock_SetFractionalDividerRegister
                0x00000000       0x44 .\CortexM0\ARM_GCC_484\Debug\RF_Switch_Matrix.a(UART_IntClock.o)
 .text.UART_IntClock_GetDividerRegister
                0x00000000       0x18 .\CortexM0\ARM_GCC_484\Debug\RF_Switch_Matrix.a(UART_IntClock.o)
 .text.UART_IntClock_GetFractionalDividerRegister
                0x00000000        0xc .\CortexM0\ARM_GCC_484\Debug\RF_Switch_Matrix.a(UART_IntClock.o)
 .text          0x00000000        0x0 .\CortexM0\ARM_GCC_484\Debug\RF_Switch_Matrix.a(CyFlash.o)
 .data          0x00000000        0x0 .\CortexM0\ARM_GCC_484\Debug\RF_Switch_Matrix.a(CyFlash.o)
 .bss           0x00000000        0x0 .\CortexM0\ARM_GCC_484\Debug\RF_Switch_Matrix.a(CyFlash.o)
 .text.CySysFlashWriteRow
                0x00000000      0x178 .\CortexM0\ARM_GCC_484\Debug\RF_Switch_Matrix.a(CyFlash.o)
 .text.CySysFlashClockBackup
                0x00000000       0x14 .\CortexM0\ARM_GCC_484\Debug\RF_Switch_Matrix.a(CyFlash.o)
 .text.CySysFlashClockConfig
                0x00000000       0x14 .\CortexM0\ARM_GCC_484\Debug\RF_Switch_Matrix.a(CyFlash.o)
 .text.CySysFlashClockRestore
                0x00000000       0x14 .\CortexM0\ARM_GCC_484\Debug\RF_Switch_Matrix.a(CyFlash.o)
 .data          0x00000000        0x0 c:/program files (x86)/cypress/psoc creator/3.2/psoc creator/import/gnu/arm/4.8.4/bin/../lib/gcc/arm-none-eabi/4.8.4/armv6-m\libgcc.a(_udivsi3.o)
 .bss           0x00000000        0x0 c:/program files (x86)/cypress/psoc creator/3.2/psoc creator/import/gnu/arm/4.8.4/bin/../lib/gcc/arm-none-eabi/4.8.4/armv6-m\libgcc.a(_udivsi3.o)
 .data          0x00000000        0x0 c:/program files (x86)/cypress/psoc creator/3.2/psoc creator/import/gnu/arm/4.8.4/bin/../lib/gcc/arm-none-eabi/4.8.4/armv6-m\libgcc.a(_divsi3.o)
 .bss           0x00000000        0x0 c:/program files (x86)/cypress/psoc creator/3.2/psoc creator/import/gnu/arm/4.8.4/bin/../lib/gcc/arm-none-eabi/4.8.4/armv6-m\libgcc.a(_divsi3.o)
 .data          0x00000000        0x0 c:/program files (x86)/cypress/psoc creator/3.2/psoc creator/import/gnu/arm/4.8.4/bin/../lib/gcc/arm-none-eabi/4.8.4/armv6-m\libgcc.a(_dvmd_tls.o)
 .bss           0x00000000        0x0 c:/program files (x86)/cypress/psoc creator/3.2/psoc creator/import/gnu/arm/4.8.4/bin/../lib/gcc/arm-none-eabi/4.8.4/armv6-m\libgcc.a(_dvmd_tls.o)
 .text          0x00000000        0x0 c:/program files (x86)/cypress/psoc creator/3.2/psoc creator/import/gnu/arm/4.8.4/bin/../lib/gcc/arm-none-eabi/4.8.4/../../../../arm-none-eabi/lib/armv6-m\libg_s.a(lib_a-errno.o)
 .data          0x00000000        0x0 c:/program files (x86)/cypress/psoc creator/3.2/psoc creator/import/gnu/arm/4.8.4/bin/../lib/gcc/arm-none-eabi/4.8.4/../../../../arm-none-eabi/lib/armv6-m\libg_s.a(lib_a-errno.o)
 .bss           0x00000000        0x0 c:/program files (x86)/cypress/psoc creator/3.2/psoc creator/import/gnu/arm/4.8.4/bin/../lib/gcc/arm-none-eabi/4.8.4/../../../../arm-none-eabi/lib/armv6-m\libg_s.a(lib_a-errno.o)
 .text          0x00000000        0x0 c:/program files (x86)/cypress/psoc creator/3.2/psoc creator/import/gnu/arm/4.8.4/bin/../lib/gcc/arm-none-eabi/4.8.4/../../../../arm-none-eabi/lib/armv6-m\libg_s.a(lib_a-exit.o)
 .data          0x00000000        0x0 c:/program files (x86)/cypress/psoc creator/3.2/psoc creator/import/gnu/arm/4.8.4/bin/../lib/gcc/arm-none-eabi/4.8.4/../../../../arm-none-eabi/lib/armv6-m\libg_s.a(lib_a-exit.o)
 .bss           0x00000000        0x0 c:/program files (x86)/cypress/psoc creator/3.2/psoc creator/import/gnu/arm/4.8.4/bin/../lib/gcc/arm-none-eabi/4.8.4/../../../../arm-none-eabi/lib/armv6-m\libg_s.a(lib_a-exit.o)
 .text.exit     0x00000000       0x2c c:/program files (x86)/cypress/psoc creator/3.2/psoc creator/import/gnu/arm/4.8.4/bin/../lib/gcc/arm-none-eabi/4.8.4/../../../../arm-none-eabi/lib/armv6-m\libg_s.a(lib_a-exit.o)
 .text          0x00000000        0x0 c:/program files (x86)/cypress/psoc creator/3.2/psoc creator/import/gnu/arm/4.8.4/bin/../lib/gcc/arm-none-eabi/4.8.4/../../../../arm-none-eabi/lib/armv6-m\libg_s.a(lib_a-impure.o)
 .data          0x00000000        0x0 c:/program files (x86)/cypress/psoc creator/3.2/psoc creator/import/gnu/arm/4.8.4/bin/../lib/gcc/arm-none-eabi/4.8.4/../../../../arm-none-eabi/lib/armv6-m\libg_s.a(lib_a-impure.o)
 .bss           0x00000000        0x0 c:/program files (x86)/cypress/psoc creator/3.2/psoc creator/import/gnu/arm/4.8.4/bin/../lib/gcc/arm-none-eabi/4.8.4/../../../../arm-none-eabi/lib/armv6-m\libg_s.a(lib_a-impure.o)
 .rodata._global_impure_ptr
                0x00000000        0x4 c:/program files (x86)/cypress/psoc creator/3.2/psoc creator/import/gnu/arm/4.8.4/bin/../lib/gcc/arm-none-eabi/4.8.4/../../../../arm-none-eabi/lib/armv6-m\libg_s.a(lib_a-impure.o)
 .text          0x00000000        0x0 c:/program files (x86)/cypress/psoc creator/3.2/psoc creator/import/gnu/arm/4.8.4/bin/../lib/gcc/arm-none-eabi/4.8.4/../../../../arm-none-eabi/lib/armv6-m\libg_s.a(lib_a-init.o)
 .data          0x00000000        0x0 c:/program files (x86)/cypress/psoc creator/3.2/psoc creator/import/gnu/arm/4.8.4/bin/../lib/gcc/arm-none-eabi/4.8.4/../../../../arm-none-eabi/lib/armv6-m\libg_s.a(lib_a-init.o)
 .bss           0x00000000        0x0 c:/program files (x86)/cypress/psoc creator/3.2/psoc creator/import/gnu/arm/4.8.4/bin/../lib/gcc/arm-none-eabi/4.8.4/../../../../arm-none-eabi/lib/armv6-m\libg_s.a(lib_a-init.o)
 .text          0x00000000        0x0 c:/program files (x86)/cypress/psoc creator/3.2/psoc creator/import/gnu/arm/4.8.4/bin/../lib/gcc/arm-none-eabi/4.8.4/../../../../arm-none-eabi/lib/armv6-m\libg_s.a(lib_a-malloc.o)
 .data          0x00000000        0x0 c:/program files (x86)/cypress/psoc creator/3.2/psoc creator/import/gnu/arm/4.8.4/bin/../lib/gcc/arm-none-eabi/4.8.4/../../../../arm-none-eabi/lib/armv6-m\libg_s.a(lib_a-malloc.o)
 .bss           0x00000000        0x0 c:/program files (x86)/cypress/psoc creator/3.2/psoc creator/import/gnu/arm/4.8.4/bin/../lib/gcc/arm-none-eabi/4.8.4/../../../../arm-none-eabi/lib/armv6-m\libg_s.a(lib_a-malloc.o)
 .text          0x00000000        0x0 c:/program files (x86)/cypress/psoc creator/3.2/psoc creator/import/gnu/arm/4.8.4/bin/../lib/gcc/arm-none-eabi/4.8.4/../../../../arm-none-eabi/lib/armv6-m\libg_s.a(lib_a-memcpy-stub.o)
 .data          0x00000000        0x0 c:/program files (x86)/cypress/psoc creator/3.2/psoc creator/import/gnu/arm/4.8.4/bin/../lib/gcc/arm-none-eabi/4.8.4/../../../../arm-none-eabi/lib/armv6-m\libg_s.a(lib_a-memcpy-stub.o)
 .bss           0x00000000        0x0 c:/program files (x86)/cypress/psoc creator/3.2/psoc creator/import/gnu/arm/4.8.4/bin/../lib/gcc/arm-none-eabi/4.8.4/../../../../arm-none-eabi/lib/armv6-m\libg_s.a(lib_a-memcpy-stub.o)
 .text          0x00000000        0x0 c:/program files (x86)/cypress/psoc creator/3.2/psoc creator/import/gnu/arm/4.8.4/bin/../lib/gcc/arm-none-eabi/4.8.4/../../../../arm-none-eabi/lib/armv6-m\libg_s.a(lib_a-memset.o)
 .data          0x00000000        0x0 c:/program files (x86)/cypress/psoc creator/3.2/psoc creator/import/gnu/arm/4.8.4/bin/../lib/gcc/arm-none-eabi/4.8.4/../../../../arm-none-eabi/lib/armv6-m\libg_s.a(lib_a-memset.o)
 .bss           0x00000000        0x0 c:/program files (x86)/cypress/psoc creator/3.2/psoc creator/import/gnu/arm/4.8.4/bin/../lib/gcc/arm-none-eabi/4.8.4/../../../../arm-none-eabi/lib/armv6-m\libg_s.a(lib_a-memset.o)
 .text          0x00000000        0x0 c:/program files (x86)/cypress/psoc creator/3.2/psoc creator/import/gnu/arm/4.8.4/bin/../lib/gcc/arm-none-eabi/4.8.4/../../../../arm-none-eabi/lib/armv6-m\libg_s.a(lib_a-nano-freer.o)
 .data          0x00000000        0x0 c:/program files (x86)/cypress/psoc creator/3.2/psoc creator/import/gnu/arm/4.8.4/bin/../lib/gcc/arm-none-eabi/4.8.4/../../../../arm-none-eabi/lib/armv6-m\libg_s.a(lib_a-nano-freer.o)
 .bss           0x00000000        0x0 c:/program files (x86)/cypress/psoc creator/3.2/psoc creator/import/gnu/arm/4.8.4/bin/../lib/gcc/arm-none-eabi/4.8.4/../../../../arm-none-eabi/lib/armv6-m\libg_s.a(lib_a-nano-freer.o)
 .text          0x00000000        0x0 c:/program files (x86)/cypress/psoc creator/3.2/psoc creator/import/gnu/arm/4.8.4/bin/../lib/gcc/arm-none-eabi/4.8.4/../../../../arm-none-eabi/lib/armv6-m\libg_s.a(lib_a-nano-mallocr.o)
 .data          0x00000000        0x0 c:/program files (x86)/cypress/psoc creator/3.2/psoc creator/import/gnu/arm/4.8.4/bin/../lib/gcc/arm-none-eabi/4.8.4/../../../../arm-none-eabi/lib/armv6-m\libg_s.a(lib_a-nano-mallocr.o)
 .bss           0x00000000        0x0 c:/program files (x86)/cypress/psoc creator/3.2/psoc creator/import/gnu/arm/4.8.4/bin/../lib/gcc/arm-none-eabi/4.8.4/../../../../arm-none-eabi/lib/armv6-m\libg_s.a(lib_a-nano-mallocr.o)
 .text          0x00000000        0x0 c:/program files (x86)/cypress/psoc creator/3.2/psoc creator/import/gnu/arm/4.8.4/bin/../lib/gcc/arm-none-eabi/4.8.4/../../../../arm-none-eabi/lib/armv6-m\libg_s.a(lib_a-sbrkr.o)
 .data          0x00000000        0x0 c:/program files (x86)/cypress/psoc creator/3.2/psoc creator/import/gnu/arm/4.8.4/bin/../lib/gcc/arm-none-eabi/4.8.4/../../../../arm-none-eabi/lib/armv6-m\libg_s.a(lib_a-sbrkr.o)
 .bss           0x00000000        0x0 c:/program files (x86)/cypress/psoc creator/3.2/psoc creator/import/gnu/arm/4.8.4/bin/../lib/gcc/arm-none-eabi/4.8.4/../../../../arm-none-eabi/lib/armv6-m\libg_s.a(lib_a-sbrkr.o)
 .text          0x00000000        0x0 c:/program files (x86)/cypress/psoc creator/3.2/psoc creator/import/gnu/arm/4.8.4/bin/../lib/gcc/arm-none-eabi/4.8.4/../../../../arm-none-eabi/lib/armv6-m\libg_s.a(lib_a-sprintf.o)
 .data          0x00000000        0x0 c:/program files (x86)/cypress/psoc creator/3.2/psoc creator/import/gnu/arm/4.8.4/bin/../lib/gcc/arm-none-eabi/4.8.4/../../../../arm-none-eabi/lib/armv6-m\libg_s.a(lib_a-sprintf.o)
 .bss           0x00000000        0x0 c:/program files (x86)/cypress/psoc creator/3.2/psoc creator/import/gnu/arm/4.8.4/bin/../lib/gcc/arm-none-eabi/4.8.4/../../../../arm-none-eabi/lib/armv6-m\libg_s.a(lib_a-sprintf.o)
 .text._sprintf_r
                0x00000000       0x40 c:/program files (x86)/cypress/psoc creator/3.2/psoc creator/import/gnu/arm/4.8.4/bin/../lib/gcc/arm-none-eabi/4.8.4/../../../../arm-none-eabi/lib/armv6-m\libg_s.a(lib_a-sprintf.o)
 .text          0x00000000        0x0 c:/program files (x86)/cypress/psoc creator/3.2/psoc creator/import/gnu/arm/4.8.4/bin/../lib/gcc/arm-none-eabi/4.8.4/../../../../arm-none-eabi/lib/armv6-m\libg_s.a(lib_a-svfprintf.o)
 .data          0x00000000        0x0 c:/program files (x86)/cypress/psoc creator/3.2/psoc creator/import/gnu/arm/4.8.4/bin/../lib/gcc/arm-none-eabi/4.8.4/../../../../arm-none-eabi/lib/armv6-m\libg_s.a(lib_a-svfprintf.o)
 .bss           0x00000000        0x0 c:/program files (x86)/cypress/psoc creator/3.2/psoc creator/import/gnu/arm/4.8.4/bin/../lib/gcc/arm-none-eabi/4.8.4/../../../../arm-none-eabi/lib/armv6-m\libg_s.a(lib_a-svfprintf.o)
 .text.__ssprint_r
                0x00000000      0x114 c:/program files (x86)/cypress/psoc creator/3.2/psoc creator/import/gnu/arm/4.8.4/bin/../lib/gcc/arm-none-eabi/4.8.4/../../../../arm-none-eabi/lib/armv6-m\libg_s.a(lib_a-svfprintf.o)
 .text          0x00000000        0x0 c:/program files (x86)/cypress/psoc creator/3.2/psoc creator/import/gnu/arm/4.8.4/bin/../lib/gcc/arm-none-eabi/4.8.4/../../../../arm-none-eabi/lib/armv6-m\libg_s.a(lib_a-vfprintf_i.o)
 .data          0x00000000        0x0 c:/program files (x86)/cypress/psoc creator/3.2/psoc creator/import/gnu/arm/4.8.4/bin/../lib/gcc/arm-none-eabi/4.8.4/../../../../arm-none-eabi/lib/armv6-m\libg_s.a(lib_a-vfprintf_i.o)
 .bss           0x00000000        0x0 c:/program files (x86)/cypress/psoc creator/3.2/psoc creator/import/gnu/arm/4.8.4/bin/../lib/gcc/arm-none-eabi/4.8.4/../../../../arm-none-eabi/lib/armv6-m\libg_s.a(lib_a-vfprintf_i.o)
 .text          0x00000000        0x0 c:/program files (x86)/cypress/psoc creator/3.2/psoc creator/import/gnu/arm/4.8.4/bin/../lib/gcc/arm-none-eabi/4.8.4/../../../../arm-none-eabi/lib/armv6-m\libg_s.a(lib_a-memchr-stub.o)
 .data          0x00000000        0x0 c:/program files (x86)/cypress/psoc creator/3.2/psoc creator/import/gnu/arm/4.8.4/bin/../lib/gcc/arm-none-eabi/4.8.4/../../../../arm-none-eabi/lib/armv6-m\libg_s.a(lib_a-memchr-stub.o)
 .bss           0x00000000        0x0 c:/program files (x86)/cypress/psoc creator/3.2/psoc creator/import/gnu/arm/4.8.4/bin/../lib/gcc/arm-none-eabi/4.8.4/../../../../arm-none-eabi/lib/armv6-m\libg_s.a(lib_a-memchr-stub.o)
 .text          0x00000000        0x0 c:/program files (x86)/cypress/psoc creator/3.2/psoc creator/import/gnu/arm/4.8.4/bin/../lib/gcc/arm-none-eabi/4.8.4/../../../../arm-none-eabi/lib/armv6-m\libg_s.a(lib_a-memmove.o)
 .data          0x00000000        0x0 c:/program files (x86)/cypress/psoc creator/3.2/psoc creator/import/gnu/arm/4.8.4/bin/../lib/gcc/arm-none-eabi/4.8.4/../../../../arm-none-eabi/lib/armv6-m\libg_s.a(lib_a-memmove.o)
 .bss           0x00000000        0x0 c:/program files (x86)/cypress/psoc creator/3.2/psoc creator/import/gnu/arm/4.8.4/bin/../lib/gcc/arm-none-eabi/4.8.4/../../../../arm-none-eabi/lib/armv6-m\libg_s.a(lib_a-memmove.o)
 .text          0x00000000        0x0 c:/program files (x86)/cypress/psoc creator/3.2/psoc creator/import/gnu/arm/4.8.4/bin/../lib/gcc/arm-none-eabi/4.8.4/../../../../arm-none-eabi/lib/armv6-m\libg_s.a(lib_a-nano-reallocr.o)
 .data          0x00000000        0x0 c:/program files (x86)/cypress/psoc creator/3.2/psoc creator/import/gnu/arm/4.8.4/bin/../lib/gcc/arm-none-eabi/4.8.4/../../../../arm-none-eabi/lib/armv6-m\libg_s.a(lib_a-nano-reallocr.o)
 .bss           0x00000000        0x0 c:/program files (x86)/cypress/psoc creator/3.2/psoc creator/import/gnu/arm/4.8.4/bin/../lib/gcc/arm-none-eabi/4.8.4/../../../../arm-none-eabi/lib/armv6-m\libg_s.a(lib_a-nano-reallocr.o)
 .text          0x00000000        0x0 c:/program files (x86)/cypress/psoc creator/3.2/psoc creator/import/gnu/arm/4.8.4/bin/../lib/gcc/arm-none-eabi/4.8.4/../../../../arm-none-eabi/lib/armv6-m\libg_s.a(lib_a-reent.o)
 .data          0x00000000        0x0 c:/program files (x86)/cypress/psoc creator/3.2/psoc creator/import/gnu/arm/4.8.4/bin/../lib/gcc/arm-none-eabi/4.8.4/../../../../arm-none-eabi/lib/armv6-m\libg_s.a(lib_a-reent.o)
 .bss           0x00000000        0x0 c:/program files (x86)/cypress/psoc creator/3.2/psoc creator/import/gnu/arm/4.8.4/bin/../lib/gcc/arm-none-eabi/4.8.4/../../../../arm-none-eabi/lib/armv6-m\libg_s.a(lib_a-reent.o)
 .text.cleanup_glue
                0x00000000       0x1a c:/program files (x86)/cypress/psoc creator/3.2/psoc creator/import/gnu/arm/4.8.4/bin/../lib/gcc/arm-none-eabi/4.8.4/../../../../arm-none-eabi/lib/armv6-m\libg_s.a(lib_a-reent.o)
 .text._reclaim_reent
                0x00000000       0xcc c:/program files (x86)/cypress/psoc creator/3.2/psoc creator/import/gnu/arm/4.8.4/bin/../lib/gcc/arm-none-eabi/4.8.4/../../../../arm-none-eabi/lib/armv6-m\libg_s.a(lib_a-reent.o)
 .text          0x00000000        0x0 c:/program files (x86)/cypress/psoc creator/3.2/psoc creator/import/gnu/arm/4.8.4/bin/../lib/gcc/arm-none-eabi/4.8.4/../../../../arm-none-eabi/lib/armv6-m\libg_s.a(lib_a-strlen.o)
 .data          0x00000000        0x0 c:/program files (x86)/cypress/psoc creator/3.2/psoc creator/import/gnu/arm/4.8.4/bin/../lib/gcc/arm-none-eabi/4.8.4/../../../../arm-none-eabi/lib/armv6-m\libg_s.a(lib_a-strlen.o)
 .bss           0x00000000        0x0 c:/program files (x86)/cypress/psoc creator/3.2/psoc creator/import/gnu/arm/4.8.4/bin/../lib/gcc/arm-none-eabi/4.8.4/../../../../arm-none-eabi/lib/armv6-m\libg_s.a(lib_a-strlen.o)
 .text          0x00000000        0x0 c:/program files (x86)/cypress/psoc creator/3.2/psoc creator/import/gnu/arm/4.8.4/bin/../lib/gcc/arm-none-eabi/4.8.4/../../../../arm-none-eabi/lib/armv6-m\libg_s.a(lib_a-nano-msizer.o)
 .data          0x00000000        0x0 c:/program files (x86)/cypress/psoc creator/3.2/psoc creator/import/gnu/arm/4.8.4/bin/../lib/gcc/arm-none-eabi/4.8.4/../../../../arm-none-eabi/lib/armv6-m\libg_s.a(lib_a-nano-msizer.o)
 .bss           0x00000000        0x0 c:/program files (x86)/cypress/psoc creator/3.2/psoc creator/import/gnu/arm/4.8.4/bin/../lib/gcc/arm-none-eabi/4.8.4/../../../../arm-none-eabi/lib/armv6-m\libg_s.a(lib_a-nano-msizer.o)
 .text          0x00000000        0x0 c:/program files (x86)/cypress/psoc creator/3.2/psoc creator/import/gnu/arm/4.8.4/bin/../lib/gcc/arm-none-eabi/4.8.4/armv6-m/crtend.o
 .data          0x00000000        0x0 c:/program files (x86)/cypress/psoc creator/3.2/psoc creator/import/gnu/arm/4.8.4/bin/../lib/gcc/arm-none-eabi/4.8.4/armv6-m/crtend.o
 .bss           0x00000000        0x0 c:/program files (x86)/cypress/psoc creator/3.2/psoc creator/import/gnu/arm/4.8.4/bin/../lib/gcc/arm-none-eabi/4.8.4/armv6-m/crtend.o
 .text          0x00000000        0x0 c:/program files (x86)/cypress/psoc creator/3.2/psoc creator/import/gnu/arm/4.8.4/bin/../lib/gcc/arm-none-eabi/4.8.4/armv6-m/crtn.o
 .data          0x00000000        0x0 c:/program files (x86)/cypress/psoc creator/3.2/psoc creator/import/gnu/arm/4.8.4/bin/../lib/gcc/arm-none-eabi/4.8.4/armv6-m/crtn.o
 .bss           0x00000000        0x0 c:/program files (x86)/cypress/psoc creator/3.2/psoc creator/import/gnu/arm/4.8.4/bin/../lib/gcc/arm-none-eabi/4.8.4/armv6-m/crtn.o

Memory Configuration

Name             Origin             Length             Attributes
rom              0x00000000         0x00020000         xr
ram              0x20000000         0x00004000         xrw
*default*        0x00000000         0xffffffff

Linker script and memory map

LOAD c:/program files (x86)/cypress/psoc creator/3.2/psoc creator/import/gnu/arm/4.8.4/bin/../lib/gcc/arm-none-eabi/4.8.4/armv6-m/crti.o
LOAD c:/program files (x86)/cypress/psoc creator/3.2/psoc creator/import/gnu/arm/4.8.4/bin/../lib/gcc/arm-none-eabi/4.8.4/armv6-m/crtbegin.o
LOAD c:/program files (x86)/cypress/psoc creator/3.2/psoc creator/import/gnu/arm/4.8.4/bin/../lib/gcc/arm-none-eabi/4.8.4/../../../../arm-none-eabi/lib/armv6-m/crt0.o
START GROUP
LOAD .\CortexM0\ARM_GCC_484\Debug\main.o
LOAD .\CortexM0\ARM_GCC_484\Debug\cli.o
LOAD .\CortexM0\ARM_GCC_484\Debug\cymetadata.o
LOAD .\CortexM0\ARM_GCC_484\Debug\Cm0Start.o
LOAD .\CortexM0\ARM_GCC_484\Debug\RF_Switch_Matrix.a
LOAD C:\Program Files (x86)\Cypress\PSoC Creator\3.2\PSoC Creator\psoc\content\cycomponentlibrary\CyComponentLibrary.cylib\CortexM0\ARM_GCC_484\Debug\CyComponentLibrary.a
END GROUP
START GROUP
LOAD c:/program files (x86)/cypress/psoc creator/3.2/psoc creator/import/gnu/arm/4.8.4/bin/../lib/gcc/arm-none-eabi/4.8.4/armv6-m\libgcc.a
LOAD c:/program files (x86)/cypress/psoc creator/3.2/psoc creator/import/gnu/arm/4.8.4/bin/../lib/gcc/arm-none-eabi/4.8.4/../../../../arm-none-eabi/lib/armv6-m\libg_s.a
LOAD c:/program files (x86)/cypress/psoc creator/3.2/psoc creator/import/gnu/arm/4.8.4/bin/../lib/gcc/arm-none-eabi/4.8.4/../../../../arm-none-eabi/lib/armv6-m\libc_s.a
END GROUP
START GROUP
LOAD c:/program files (x86)/cypress/psoc creator/3.2/psoc creator/import/gnu/arm/4.8.4/bin/../lib/gcc/arm-none-eabi/4.8.4/armv6-m\libgcc.a
LOAD c:/program files (x86)/cypress/psoc creator/3.2/psoc creator/import/gnu/arm/4.8.4/bin/../lib/gcc/arm-none-eabi/4.8.4/../../../../arm-none-eabi/lib/armv6-m\libc_s.a
END GROUP
LOAD c:/program files (x86)/cypress/psoc creator/3.2/psoc creator/import/gnu/arm/4.8.4/bin/../lib/gcc/arm-none-eabi/4.8.4/armv6-m/crtend.o
LOAD c:/program files (x86)/cypress/psoc creator/3.2/psoc creator/import/gnu/arm/4.8.4/bin/../lib/gcc/arm-none-eabi/4.8.4/armv6-m/crtn.o
START GROUP
LOAD c:/program files (x86)/cypress/psoc creator/3.2/psoc creator/import/gnu/arm/4.8.4/bin/../lib/gcc/arm-none-eabi/4.8.4/armv6-m\libgcc.a
LOAD c:/program files (x86)/cypress/psoc creator/3.2/psoc creator/import/gnu/arm/4.8.4/bin/../lib/gcc/arm-none-eabi/4.8.4/../../../../arm-none-eabi/lib/armv6-m\libc.a
LOAD c:/program files (x86)/cypress/psoc creator/3.2/psoc creator/import/gnu/arm/4.8.4/bin/../lib/gcc/arm-none-eabi/4.8.4/../../../../arm-none-eabi/lib/armv6-m\libnosys.a
END GROUP
                0x00000000                CY_APPL_ORIGIN = 0x0
                0x00000080                CY_FLASH_ROW_SIZE = 0x80
                0x00000001                CY_APPL_NUM = 0x1
                0x00000040                CY_METADATA_SIZE = 0x40
                0x20000190                PROVIDE (__cy_heap_start, _end)
                0x00000001                PROVIDE (__cy_region_num, ((__cy_regions_end - __cy_regions) / 0x10))
                0x20004000                PROVIDE (__cy_stack, (ORIGIN (ram) + 0x4000))
                0x20002800                PROVIDE (__cy_heap_end, (__cy_stack - 0x1800))

.cybootloader   0x00000000        0x0
 *(.cybootloader)
                0x00000000                appl1_start = CY_APPL_ORIGIN?CY_APPL_ORIGIN:ALIGN (CY_FLASH_ROW_SIZE)
                0x0000ff80                appl2_start = (appl1_start + ALIGN ((((0x20000 - appl1_start) - (0x2 * CY_FLASH_ROW_SIZE)) / 0x2), CY_FLASH_ROW_SIZE))
                0x00000000                appl_start = (CY_APPL_NUM == 0x1)?appl1_start:appl2_start

.text           0x00000000     0x1c78
 CREATE_OBJECT_SYMBOLS
                0x00000000                PROVIDE (__cy_interrupt_vector, RomVectors)
 *(.romvectors)
 .romvectors    0x00000000       0x10 .\CortexM0\ARM_GCC_484\Debug\Cm0Start.o
                0x00000000                RomVectors
                0x00000001                ASSERT ((. != __cy_interrupt_vector), No interrupt vector)
                0x00000001                ASSERT (CY_APPL_ORIGIN?(SIZEOF (.cybootloader) <= CY_APPL_ORIGIN):0x1, Wrong image location)
                0x00000010                PROVIDE (__cy_reset, Reset)
 *(.text.Reset)
 .text.Reset    0x00000010        0x8 .\CortexM0\ARM_GCC_484\Debug\Cm0Start.o
                0x00000010                Reset
                0x00000001                ASSERT ((. != __cy_reset), No reset code)
 *(.psocinit)
 .psocinit      0x00000018      0x2b4 .\CortexM0\ARM_GCC_484\Debug\RF_Switch_Matrix.a(cyfitter_cfg.o)
                0x000000b4                cyfitter_cfg
                0x000002cc                . = MAX (., 0x100)
 *(.text .text.* .gnu.linkonce.t.*)
 .text          0x000002cc       0x60 c:/program files (x86)/cypress/psoc creator/3.2/psoc creator/import/gnu/arm/4.8.4/bin/../lib/gcc/arm-none-eabi/4.8.4/armv6-m/crtbegin.o
 .text.rx_int   0x0000032c      0x190 .\CortexM0\ARM_GCC_484\Debug\main.o
                0x0000032c                rx_int
 .text.main     0x000004bc       0x4c .\CortexM0\ARM_GCC_484\Debug\main.o
                0x000004bc                main
 .text.updateOutput
                0x00000508       0x38 .\CortexM0\ARM_GCC_484\Debug\main.o
                0x00000508                updateOutput
 .text.updatePower
                0x00000540       0x44 .\CortexM0\ARM_GCC_484\Debug\main.o
                0x00000540                updatePower
 .text.initSwitches
                0x00000584       0x8c .\CortexM0\ARM_GCC_484\Debug\main.o
                0x00000584                initSwitches
 .text.addSwitch
                0x00000610       0x8c .\CortexM0\ARM_GCC_484\Debug\main.o
                0x00000610                addSwitch
 .text.removeSwitch
                0x0000069c       0x70 .\CortexM0\ARM_GCC_484\Debug\main.o
                0x0000069c                removeSwitch
 .text.isSwitchActive
                0x0000070c       0x3c .\CortexM0\ARM_GCC_484\Debug\main.o
                0x0000070c                isSwitchActive
 .text.initHardware
                0x00000748       0x40 .\CortexM0\ARM_GCC_484\Debug\main.o
                0x00000748                initHardware
 .text.homeProcess
                0x00000788       0xc0 .\CortexM0\ARM_GCC_484\Debug\cli.o
                0x00000788                homeProcess
 .text.switchProcess
                0x00000848       0x7c .\CortexM0\ARM_GCC_484\Debug\cli.o
                0x00000848                switchProcess
 .text.dispMenuHelp
                0x000008c4       0x48 .\CortexM0\ARM_GCC_484\Debug\cli.o
                0x000008c4                dispMenuHelp
 .text.dispFuncHelp
                0x0000090c       0x2c .\CortexM0\ARM_GCC_484\Debug\cli.o
                0x0000090c                dispFuncHelp
 .text.dispSwitchHelp
                0x00000938       0x78 .\CortexM0\ARM_GCC_484\Debug\cli.o
                0x00000938                dispSwitchHelp
 .text.dispDebugHelp
                0x000009b0       0x2c .\CortexM0\ARM_GCC_484\Debug\cli.o
                0x000009b0                dispDebugHelp
 .text.IntDefaultHandler
                0x000009dc        0x8 .\CortexM0\ARM_GCC_484\Debug\Cm0Start.o
                0x000009dc                IntDefaultHandler
 .text._sbrk    0x000009e4       0x54 .\CortexM0\ARM_GCC_484\Debug\Cm0Start.o
                0x000009e4                _sbrk
 .text.Start_c  0x00000a38       0x98 .\CortexM0\ARM_GCC_484\Debug\Cm0Start.o
                0x00000a38                Start_c
 .text.initialize_psoc
                0x00000ad0       0x70 .\CortexM0\ARM_GCC_484\Debug\Cm0Start.o
                0x00000ad0                initialize_psoc
 .text.CYMEMZERO
                0x00000b40       0x20 .\CortexM0\ARM_GCC_484\Debug\RF_Switch_Matrix.a(cyfitter_cfg.o)
 .text.CYCONFIGCPYCODE
                0x00000b60       0x24 .\CortexM0\ARM_GCC_484\Debug\RF_Switch_Matrix.a(cyfitter_cfg.o)
 .text.cfg_write_bytes32
                0x00000b84       0x80 .\CortexM0\ARM_GCC_484\Debug\RF_Switch_Matrix.a(cyfitter_cfg.o)
 .text.AnalogSetDefault
                0x00000c04       0x28 .\CortexM0\ARM_GCC_484\Debug\RF_Switch_Matrix.a(cyfitter_cfg.o)
 *fill*         0x00000c2c        0x4 
 .text          0x00000c30       0x20 .\CortexM0\ARM_GCC_484\Debug\RF_Switch_Matrix.a(CyBootAsmGnu.o)
                0x00000c30                CyDelayCycles
                0x00000c42                CyEnterCriticalSection
                0x00000c4a                CyExitCriticalSection
 .text.CySysClkImoEnableWcoLock
                0x00000c50       0xfc .\CortexM0\ARM_GCC_484\Debug\RF_Switch_Matrix.a(CyLib.o)
                0x00000c50                CySysClkImoEnableWcoLock
 .text.CySysClkImoDisableWcoLock
                0x00000d4c       0x1c .\CortexM0\ARM_GCC_484\Debug\RF_Switch_Matrix.a(CyLib.o)
                0x00000d4c                CySysClkImoDisableWcoLock
 .text.CySysClkImoGetWcoLock
                0x00000d68       0x20 .\CortexM0\ARM_GCC_484\Debug\RF_Switch_Matrix.a(CyLib.o)
 .text.CySysClkWriteImoFreq
                0x00000d88       0xb8 .\CortexM0\ARM_GCC_484\Debug\RF_Switch_Matrix.a(CyLib.o)
                0x00000d88                CySysClkWriteImoFreq
 .text.CyHalt   0x00000e40       0x14 .\CortexM0\ARM_GCC_484\Debug\RF_Switch_Matrix.a(CyLib.o)
                0x00000e40                CyHalt
 .text.CyDelay  0x00000e54       0x48 .\CortexM0\ARM_GCC_484\Debug\RF_Switch_Matrix.a(CyLib.o)
                0x00000e54                CyDelay
 .text.UART_Start
                0x00000e9c       0x24 .\CortexM0\ARM_GCC_484\Debug\RF_Switch_Matrix.a(UART.o)
                0x00000e9c                UART_Start
 .text.UART_Init
                0x00000ec0       0x3c .\CortexM0\ARM_GCC_484\Debug\RF_Switch_Matrix.a(UART.o)
                0x00000ec0                UART_Init
 .text.UART_Enable
                0x00000efc       0x64 .\CortexM0\ARM_GCC_484\Debug\RF_Switch_Matrix.a(UART.o)
                0x00000efc                UART_Enable
 .text.UART_GetChar
                0x00000f60       0x4c .\CortexM0\ARM_GCC_484\Debug\RF_Switch_Matrix.a(UART.o)
                0x00000f60                UART_GetChar
 .text.UART_WriteTxData
                0x00000fac       0x2c .\CortexM0\ARM_GCC_484\Debug\RF_Switch_Matrix.a(UART.o)
                0x00000fac                UART_WriteTxData
 .text.UART_PutChar
                0x00000fd8       0x34 .\CortexM0\ARM_GCC_484\Debug\RF_Switch_Matrix.a(UART.o)
                0x00000fd8                UART_PutChar
 .text.UART_PutString
                0x0000100c       0x54 .\CortexM0\ARM_GCC_484\Debug\RF_Switch_Matrix.a(UART.o)
                0x0000100c                UART_PutString
 .text.uartRx_isr_StartEx
                0x00001060       0x24 .\CortexM0\ARM_GCC_484\Debug\RF_Switch_Matrix.a(uartRx_isr.o)
                0x00001060                uartRx_isr_StartEx
 .text.uartRx_isr_SetVector
                0x00001084       0x18 .\CortexM0\ARM_GCC_484\Debug\RF_Switch_Matrix.a(uartRx_isr.o)
                0x00001084                uartRx_isr_SetVector
 .text.uartRx_isr_SetPriority
                0x0000109c       0x50 .\CortexM0\ARM_GCC_484\Debug\RF_Switch_Matrix.a(uartRx_isr.o)
                0x0000109c                uartRx_isr_SetPriority
 .text.uartRx_isr_Enable
                0x000010ec       0x14 .\CortexM0\ARM_GCC_484\Debug\RF_Switch_Matrix.a(uartRx_isr.o)
                0x000010ec                uartRx_isr_Enable
 .text.uartRx_isr_Disable
                0x00001100       0x14 .\CortexM0\ARM_GCC_484\Debug\RF_Switch_Matrix.a(uartRx_isr.o)
                0x00001100                uartRx_isr_Disable
 .text.OutputReg_Write
                0x00001114       0x20 .\CortexM0\ARM_GCC_484\Debug\RF_Switch_Matrix.a(OutputReg.o)
                0x00001114                OutputReg_Write
 .text.OutputReg_Read
                0x00001134       0x14 .\CortexM0\ARM_GCC_484\Debug\RF_Switch_Matrix.a(OutputReg.o)
                0x00001134                OutputReg_Read
 .text.CySysClkWcoSetHighPowerMode
                0x00001148       0x48 .\CortexM0\ARM_GCC_484\Debug\RF_Switch_Matrix.a(CyLFClk.o)
 .text.CySysClkWcoStart
                0x00001190       0x20 .\CortexM0\ARM_GCC_484\Debug\RF_Switch_Matrix.a(CyLFClk.o)
                0x00001190                CySysClkWcoStart
 .text.CySysClkWcoEnabled
                0x000011b0       0x1c .\CortexM0\ARM_GCC_484\Debug\RF_Switch_Matrix.a(CyLFClk.o)
                0x000011b0                CySysClkWcoEnabled
 .text.UART_IntClock_StartEx
                0x000011cc       0x2c .\CortexM0\ARM_GCC_484\Debug\RF_Switch_Matrix.a(UART_IntClock.o)
                0x000011cc                UART_IntClock_StartEx
 .text.CySysFlashSetWaitCycles
                0x000011f8       0x74 .\CortexM0\ARM_GCC_484\Debug\RF_Switch_Matrix.a(CyFlash.o)
                0x000011f8                CySysFlashSetWaitCycles
 .text          0x0000126c       0x9c c:/program files (x86)/cypress/psoc creator/3.2/psoc creator/import/gnu/arm/4.8.4/bin/../lib/gcc/arm-none-eabi/4.8.4/armv6-m\libgcc.a(_udivsi3.o)
                0x0000126c                __aeabi_uidiv
                0x0000126c                __udivsi3
                0x000012f4                __aeabi_uidivmod
 .text          0x00001308       0xc0 c:/program files (x86)/cypress/psoc creator/3.2/psoc creator/import/gnu/arm/4.8.4/bin/../lib/gcc/arm-none-eabi/4.8.4/armv6-m\libgcc.a(_divsi3.o)
                0x00001308                __divsi3
                0x00001308                __aeabi_idiv
                0x000013b4                __aeabi_idivmod
 .text          0x000013c8        0x4 c:/program files (x86)/cypress/psoc creator/3.2/psoc creator/import/gnu/arm/4.8.4/bin/../lib/gcc/arm-none-eabi/4.8.4/armv6-m\libgcc.a(_dvmd_tls.o)
                0x000013c8                __aeabi_idiv0
                0x000013c8                __aeabi_ldiv0
 .text.__errno  0x000013cc        0xc c:/program files (x86)/cypress/psoc creator/3.2/psoc creator/import/gnu/arm/4.8.4/bin/../lib/gcc/arm-none-eabi/4.8.4/../../../../arm-none-eabi/lib/armv6-m\libg_s.a(lib_a-errno.o)
                0x000013cc                __errno
 .text.__libc_init_array
                0x000013d8       0x4c c:/program files (x86)/cypress/psoc creator/3.2/psoc creator/import/gnu/arm/4.8.4/bin/../lib/gcc/arm-none-eabi/4.8.4/../../../../arm-none-eabi/lib/armv6-m\libg_s.a(lib_a-init.o)
                0x000013d8                __libc_init_array
 .text.malloc   0x00001424       0x14 c:/program files (x86)/cypress/psoc creator/3.2/psoc creator/import/gnu/arm/4.8.4/bin/../lib/gcc/arm-none-eabi/4.8.4/../../../../arm-none-eabi/lib/armv6-m\libg_s.a(lib_a-malloc.o)
                0x00001424                malloc
 .text.free     0x00001438       0x14 c:/program files (x86)/cypress/psoc creator/3.2/psoc creator/import/gnu/arm/4.8.4/bin/../lib/gcc/arm-none-eabi/4.8.4/../../../../arm-none-eabi/lib/armv6-m\libg_s.a(lib_a-malloc.o)
                0x00001438                free
 .text.memcpy   0x0000144c       0x12 c:/program files (x86)/cypress/psoc creator/3.2/psoc creator/import/gnu/arm/4.8.4/bin/../lib/gcc/arm-none-eabi/4.8.4/../../../../arm-none-eabi/lib/armv6-m\libg_s.a(lib_a-memcpy-stub.o)
                0x0000144c                memcpy
 .text.memset   0x0000145e       0x10 c:/program files (x86)/cypress/psoc creator/3.2/psoc creator/import/gnu/arm/4.8.4/bin/../lib/gcc/arm-none-eabi/4.8.4/../../../../arm-none-eabi/lib/armv6-m\libg_s.a(lib_a-memset.o)
                0x0000145e                memset
 *fill*         0x0000146e        0x2 
 .text._free_r  0x00001470       0x90 c:/program files (x86)/cypress/psoc creator/3.2/psoc creator/import/gnu/arm/4.8.4/bin/../lib/gcc/arm-none-eabi/4.8.4/../../../../arm-none-eabi/lib/armv6-m\libg_s.a(lib_a-nano-freer.o)
                0x00001470                _free_r
 .text._malloc_r
                0x00001500       0xa8 c:/program files (x86)/cypress/psoc creator/3.2/psoc creator/import/gnu/arm/4.8.4/bin/../lib/gcc/arm-none-eabi/4.8.4/../../../../arm-none-eabi/lib/armv6-m\libg_s.a(lib_a-nano-mallocr.o)
                0x00001500                _malloc_r
 .text._sbrk_r  0x000015a8       0x24 c:/program files (x86)/cypress/psoc creator/3.2/psoc creator/import/gnu/arm/4.8.4/bin/../lib/gcc/arm-none-eabi/4.8.4/../../../../arm-none-eabi/lib/armv6-m\libg_s.a(lib_a-sbrkr.o)
                0x000015a8                _sbrk_r
 .text.sprintf  0x000015cc       0x44 c:/program files (x86)/cypress/psoc creator/3.2/psoc creator/import/gnu/arm/4.8.4/bin/../lib/gcc/arm-none-eabi/4.8.4/../../../../arm-none-eabi/lib/armv6-m\libg_s.a(lib_a-sprintf.o)
                0x000015cc                siprintf
                0x000015cc                sprintf
 .text.__ssputs_r
                0x00001610       0xc0 c:/program files (x86)/cypress/psoc creator/3.2/psoc creator/import/gnu/arm/4.8.4/bin/../lib/gcc/arm-none-eabi/4.8.4/../../../../arm-none-eabi/lib/armv6-m\libg_s.a(lib_a-svfprintf.o)
                0x00001610                __ssputs_r
 .text._svfprintf_r
                0x000016d0      0x1e0 c:/program files (x86)/cypress/psoc creator/3.2/psoc creator/import/gnu/arm/4.8.4/bin/../lib/gcc/arm-none-eabi/4.8.4/../../../../arm-none-eabi/lib/armv6-m\libg_s.a(lib_a-svfprintf.o)
                0x000016d0                _svfiprintf_r
                0x000016d0                _svfprintf_r
 .text._printf_common
                0x000018b0       0xe8 c:/program files (x86)/cypress/psoc creator/3.2/psoc creator/import/gnu/arm/4.8.4/bin/../lib/gcc/arm-none-eabi/4.8.4/../../../../arm-none-eabi/lib/armv6-m\libg_s.a(lib_a-vfprintf_i.o)
                0x000018b0                _printf_common
 .text._printf_i
                0x00001998      0x22c c:/program files (x86)/cypress/psoc creator/3.2/psoc creator/import/gnu/arm/4.8.4/bin/../lib/gcc/arm-none-eabi/4.8.4/../../../../arm-none-eabi/lib/armv6-m\libg_s.a(lib_a-vfprintf_i.o)
                0x00001998                _printf_i
 .text.memchr   0x00001bc4       0x16 c:/program files (x86)/cypress/psoc creator/3.2/psoc creator/import/gnu/arm/4.8.4/bin/../lib/gcc/arm-none-eabi/4.8.4/../../../../arm-none-eabi/lib/armv6-m\libg_s.a(lib_a-memchr-stub.o)
                0x00001bc4                memchr
 .text.memmove  0x00001bda       0x32 c:/program files (x86)/cypress/psoc creator/3.2/psoc creator/import/gnu/arm/4.8.4/bin/../lib/gcc/arm-none-eabi/4.8.4/../../../../arm-none-eabi/lib/armv6-m\libg_s.a(lib_a-memmove.o)
                0x00001bda                memmove
 .text._realloc_r
                0x00001c0c       0x4c c:/program files (x86)/cypress/psoc creator/3.2/psoc creator/import/gnu/arm/4.8.4/bin/../lib/gcc/arm-none-eabi/4.8.4/../../../../arm-none-eabi/lib/armv6-m\libg_s.a(lib_a-nano-reallocr.o)
                0x00001c0c                _realloc_r
 .text.strlen   0x00001c58        0xe c:/program files (x86)/cypress/psoc creator/3.2/psoc creator/import/gnu/arm/4.8.4/bin/../lib/gcc/arm-none-eabi/4.8.4/../../../../arm-none-eabi/lib/armv6-m\libg_s.a(lib_a-strlen.o)
                0x00001c58                strlen
 .text._malloc_usable_size_r
                0x00001c66       0x12 c:/program files (x86)/cypress/psoc creator/3.2/psoc creator/import/gnu/arm/4.8.4/bin/../lib/gcc/arm-none-eabi/4.8.4/../../../../arm-none-eabi/lib/armv6-m\libg_s.a(lib_a-nano-msizer.o)
                0x00001c66                _malloc_usable_size_r
 *(.plt)
 *(.gnu.warning)
 *(.glue_7t)
 .glue_7t       0x00000000        0x0 linker stubs
 *(.glue_7)
 .glue_7        0x00000000        0x0 linker stubs
 *(.vfp11_veneer)
 .vfp11_veneer  0x00000000        0x0 linker stubs
 *(.bootloader)
 *(.ARM.extab* .gnu.linkonce.armextab.*)
 *(.gcc_except_table)

.v4_bx          0x00001c78        0x0
 .v4_bx         0x00000000        0x0 linker stubs

.iplt           0x00001c78        0x0
 .iplt          0x00000000        0x0 c:/program files (x86)/cypress/psoc creator/3.2/psoc creator/import/gnu/arm/4.8.4/bin/../lib/gcc/arm-none-eabi/4.8.4/armv6-m/crtbegin.o

.eh_frame_hdr
 *(.eh_frame_hdr)

.eh_frame       0x00001c78        0x4
 *(.eh_frame)
 .eh_frame      0x00001c78        0x0 c:/program files (x86)/cypress/psoc creator/3.2/psoc creator/import/gnu/arm/4.8.4/bin/../lib/gcc/arm-none-eabi/4.8.4/armv6-m/crtbegin.o
 .eh_frame      0x00001c78        0x4 c:/program files (x86)/cypress/psoc creator/3.2/psoc creator/import/gnu/arm/4.8.4/bin/../lib/gcc/arm-none-eabi/4.8.4/armv6-m/crtend.o
                0x00001c7c                PROVIDE (__exidx_start, .)

.ARM.exidx
 *(.ARM.exidx* .gnu.linkonce.armexidx.*)
                0x00001c7c                __exidx_end = .

.rodata         0x00001c7c      0x6bc
 *(.rodata .rodata.* .gnu.linkonce.r.*)
 .rodata        0x00001c7c       0x7c .\CortexM0\ARM_GCC_484\Debug\main.o
 .rodata        0x00001cf8      0x25c .\CortexM0\ARM_GCC_484\Debug\cli.o
 .rodata        0x00001f54      0x348 .\CortexM0\ARM_GCC_484\Debug\RF_Switch_Matrix.a(cyfitter_cfg.o)
 .rodata        0x0000229c       0x30 .\CortexM0\ARM_GCC_484\Debug\RF_Switch_Matrix.a(CyLib.o)
                0x0000229c                cyImoFreqMhz2Reg
 .rodata.str1.1
                0x000022cc        0x2 c:/program files (x86)/cypress/psoc creator/3.2/psoc creator/import/gnu/arm/4.8.4/bin/../lib/gcc/arm-none-eabi/4.8.4/../../../../arm-none-eabi/lib/armv6-m\libg_s.a(lib_a-impure.o)
 .rodata.str1.1
                0x000022ce       0x11 c:/program files (x86)/cypress/psoc creator/3.2/psoc creator/import/gnu/arm/4.8.4/bin/../lib/gcc/arm-none-eabi/4.8.4/../../../../arm-none-eabi/lib/armv6-m\libg_s.a(lib_a-svfprintf.o)
 .rodata.str1.1
                0x000022df       0x22 c:/program files (x86)/cypress/psoc creator/3.2/psoc creator/import/gnu/arm/4.8.4/bin/../lib/gcc/arm-none-eabi/4.8.4/../../../../arm-none-eabi/lib/armv6-m\libg_s.a(lib_a-vfprintf_i.o)
                0x00002304                . = ALIGN (0x4)
 *fill*         0x00002301        0x3 
 *(.init)
 .init          0x00002304        0x4 c:/program files (x86)/cypress/psoc creator/3.2/psoc creator/import/gnu/arm/4.8.4/bin/../lib/gcc/arm-none-eabi/4.8.4/armv6-m/crti.o
                0x00002304                _init
 .init          0x00002308        0x8 c:/program files (x86)/cypress/psoc creator/3.2/psoc creator/import/gnu/arm/4.8.4/bin/../lib/gcc/arm-none-eabi/4.8.4/armv6-m/crtn.o
                0x00002310                . = ALIGN (0x4)
                0x00002310                __preinit_array_start = .
 *(.preinit_array)
                0x00002310                __preinit_array_end = .
                0x00002310                . = ALIGN (0x4)
                0x00002310                __init_array_start = .
 *(SORT(.init_array.*))
 *(.init_array)
 .init_array    0x00002310        0x4 c:/program files (x86)/cypress/psoc creator/3.2/psoc creator/import/gnu/arm/4.8.4/bin/../lib/gcc/arm-none-eabi/4.8.4/armv6-m/crtbegin.o
 .init_array    0x00002314        0x4 .\CortexM0\ARM_GCC_484\Debug\Cm0Start.o
                0x00002318                __init_array_end = .
                0x00002318                . = ALIGN (0x4)
 *(.fini)
 .fini          0x00002318        0x4 c:/program files (x86)/cypress/psoc creator/3.2/psoc creator/import/gnu/arm/4.8.4/bin/../lib/gcc/arm-none-eabi/4.8.4/armv6-m/crti.o
                0x00002318                _fini
 .fini          0x0000231c        0x8 c:/program files (x86)/cypress/psoc creator/3.2/psoc creator/import/gnu/arm/4.8.4/bin/../lib/gcc/arm-none-eabi/4.8.4/armv6-m/crtn.o
                0x00002324                . = ALIGN (0x4)
                0x00002324                __fini_array_start = .
 *(.fini_array)
 .fini_array    0x00002324        0x4 c:/program files (x86)/cypress/psoc creator/3.2/psoc creator/import/gnu/arm/4.8.4/bin/../lib/gcc/arm-none-eabi/4.8.4/armv6-m/crtbegin.o
 *(SORT(.fini_array.*))
                0x00002328                __fini_array_end = .
                0x00002328                . = ALIGN (0x4)
 *crtbegin.o(.ctors)
 *(EXCLUDE_FILE(*crtend.o) .ctors)
 *(SORT(.ctors.*))
 *crtend.o(.ctors)
                0x00002328                . = ALIGN (0x4)
 *crtbegin.o(.dtors)
 *(EXCLUDE_FILE(*crtend.o) .dtors)
 *(SORT(.dtors.*))
 *crtend.o(.dtors)
                0x00002328                . = ALIGN (0x4)
                0x00002328                __cy_regions = .
                0x00002328        0x4 LONG 0x2338 __cy_region_init_ram
                0x0000232c        0x4 LONG 0x200000c8 __cy_region_start_data
                0x00002330        0x4 LONG 0x80 __cy_region_init_size_ram
                0x00002334        0x4 LONG 0x48 __cy_region_zero_size_ram
                0x00002338                __cy_regions_end = .
                0x00002338                . = ALIGN (0x8)
                0x00002338                _etext = .

.ramvectors     0x20000000       0xc0
                0x20000000                __cy_region_start_ram = .
 *(.ramvectors)
 .ramvectors    0x20000000       0xc0 .\CortexM0\ARM_GCC_484\Debug\Cm0Start.o
                0x20000000                CyRamVectors

.noinit         0x200000c0        0x4
 *(.noinit)
 .noinit        0x200000c0        0x4 .\CortexM0\ARM_GCC_484\Debug\Cm0Start.o

.data           0x200000c8       0x80 load address 0x00002338
                0x200000c8                __cy_region_start_data = .
 *(.jcr)
 .jcr           0x200000c8        0x0 c:/program files (x86)/cypress/psoc creator/3.2/psoc creator/import/gnu/arm/4.8.4/bin/../lib/gcc/arm-none-eabi/4.8.4/armv6-m/crtbegin.o
 .jcr           0x200000c8        0x4 c:/program files (x86)/cypress/psoc creator/3.2/psoc creator/import/gnu/arm/4.8.4/bin/../lib/gcc/arm-none-eabi/4.8.4/armv6-m/crtend.o
 *(.got.plt)
 *(.got)
 *(.shdata)
 *(.data .data.* .gnu.linkonce.d.*)
 .data          0x200000cc        0x4 .\CortexM0\ARM_GCC_484\Debug\main.o
                0x200000cc                switchFreq
 .data          0x200000d0        0x4 .\CortexM0\ARM_GCC_484\Debug\Cm0Start.o
 .data          0x200000d4       0x10 .\CortexM0\ARM_GCC_484\Debug\RF_Switch_Matrix.a(CyLib.o)
                0x200000d4                cydelayFreqHz
                0x200000d8                cydelayFreqKhz
                0x200000dc                cydelayFreqMhz
                0x200000e0                cydelay32kMs
 .data.impure_data
                0x200000e4       0x60 c:/program files (x86)/cypress/psoc creator/3.2/psoc creator/import/gnu/arm/4.8.4/bin/../lib/gcc/arm-none-eabi/4.8.4/../../../../arm-none-eabi/lib/armv6-m\libg_s.a(lib_a-impure.o)
 .data._impure_ptr
                0x20000144        0x4 c:/program files (x86)/cypress/psoc creator/3.2/psoc creator/import/gnu/arm/4.8.4/bin/../lib/gcc/arm-none-eabi/4.8.4/../../../../arm-none-eabi/lib/armv6-m\libg_s.a(lib_a-impure.o)
                0x20000144                _impure_ptr
                0x20000148                . = ALIGN (0x8)
 *(.ram)
                0x20000148                _edata = .

.igot.plt       0x20000148        0x0 load address 0x000023b8
 .igot.plt      0x00000000        0x0 c:/program files (x86)/cypress/psoc creator/3.2/psoc creator/import/gnu/arm/4.8.4/bin/../lib/gcc/arm-none-eabi/4.8.4/armv6-m/crtbegin.o

.bss            0x20000148       0x48 load address 0x000023b8
                0x20000148                PROVIDE (__bss_start__, .)
 *(.shbss)
 *(.bss .bss.* .gnu.linkonce.b.*)
 .bss           0x20000148       0x1c c:/program files (x86)/cypress/psoc creator/3.2/psoc creator/import/gnu/arm/4.8.4/bin/../lib/gcc/arm-none-eabi/4.8.4/armv6-m/crtbegin.o
 .bss           0x20000164       0x10 .\CortexM0\ARM_GCC_484\Debug\main.o
                0x20000164                power
                0x20000165                status
                0x20000168                calibrate
                0x2000016c                mode
 .bss           0x20000174        0x2 .\CortexM0\ARM_GCC_484\Debug\RF_Switch_Matrix.a(UART.o)
                0x20000174                UART_initVar
 *fill*         0x20000176        0x2 
 .bss.__malloc_sbrk_start
                0x20000178        0x4 c:/program files (x86)/cypress/psoc creator/3.2/psoc creator/import/gnu/arm/4.8.4/bin/../lib/gcc/arm-none-eabi/4.8.4/../../../../arm-none-eabi/lib/armv6-m\libg_s.a(lib_a-nano-mallocr.o)
                0x20000178                __malloc_sbrk_start
 .bss.__malloc_free_list
                0x2000017c        0x4 c:/program files (x86)/cypress/psoc creator/3.2/psoc creator/import/gnu/arm/4.8.4/bin/../lib/gcc/arm-none-eabi/4.8.4/../../../../arm-none-eabi/lib/armv6-m\libg_s.a(lib_a-nano-mallocr.o)
                0x2000017c                __malloc_free_list
 *(COMMON)
 COMMON         0x20000180        0x8 .\CortexM0\ARM_GCC_484\Debug\main.o
                0x20000180                curr
                0x20000184                head
 COMMON         0x20000188        0x4 c:/program files (x86)/cypress/psoc creator/3.2/psoc creator/import/gnu/arm/4.8.4/bin/../lib/gcc/arm-none-eabi/4.8.4/../../../../arm-none-eabi/lib/armv6-m\libg_s.a(lib_a-reent.o)
                0x20000188                errno
                0x20000190                . = ALIGN (0x8)
 *fill*         0x2000018c        0x4 
 *(.ram.b)
                0x20000190                _end = .
                0x20000190                __end = .
                0x20000190                PROVIDE (end, .)
                0x20000190                PROVIDE (__bss_end__, .)
                0x00002338                __cy_region_init_ram = LOADADDR (.data)
                0x00000080                __cy_region_init_size_ram = (_edata - ADDR (.data))
                0x00000048                __cy_region_zero_size_ram = (_end - _edata)

.heap           0x20000190      0x800 load address 0x000023b8
                0x20000190                . = _end
                0x20000990                . = (. + 0x800)
 *fill*         0x20000190      0x800 
                0x20000990                __cy_heap_limit = .

.stack          0x20002800     0x1800
                0x20002800                __cy_stack_limit = .
                0x20004000                . = (. + 0x1800)
 *fill*         0x20002800     0x1800 
                0x00000001                ASSERT ((__cy_stack_limit >= __cy_heap_limit), region RAM overflowed with stack)

.cyloadermeta
 *(.cyloadermeta)

.cyloadablemeta
 *(.cyloadablemeta)

.cyflashprotect
                0x90400000       0x80
 *(.cyflashprotect)
 .cyflashprotect
                0x90400000       0x80 .\CortexM0\ARM_GCC_484\Debug\cymetadata.o
                0x90400000                cy_meta_flashprotect

.cymeta         0x90500000        0xc
 *(.cymeta)
 .cymeta        0x90500000        0xc .\CortexM0\ARM_GCC_484\Debug\cymetadata.o
                0x90500000                cy_metadata

.cychipprotect  0x90600000        0x4
 *(.cychipprotect)
 .cychipprotect
                0x90600000        0x4 .\CortexM0\ARM_GCC_484\Debug\cymetadata.o
                0x90600000                cy_meta_chipprotect

.rel.dyn        0x000023b8        0x0 load address 0x90600004
 .rel.iplt      0x00000000        0x0 c:/program files (x86)/cypress/psoc creator/3.2/psoc creator/import/gnu/arm/4.8.4/bin/../lib/gcc/arm-none-eabi/4.8.4/armv6-m/crtbegin.o

.stab
 *(.stab)

.stabstr
 *(.stabstr)

.debug
 *(.debug)

.line
 *(.line)

.debug_srcinfo
 *(.debug_srcinfo)

.debug_sfnames
 *(.debug_sfnames)

.debug_aranges  0x00000000      0x680
 *(.debug_aranges)
 .debug_aranges
                0x00000000       0x60 .\CortexM0\ARM_GCC_484\Debug\main.o
 .debug_aranges
                0x00000060       0x50 .\CortexM0\ARM_GCC_484\Debug\cli.o
 .debug_aranges
                0x000000b0       0x18 .\CortexM0\ARM_GCC_484\Debug\cymetadata.o
 .debug_aranges
                0x000000c8       0x48 .\CortexM0\ARM_GCC_484\Debug\Cm0Start.o
 .debug_aranges
                0x00000110       0x50 .\CortexM0\ARM_GCC_484\Debug\RF_Switch_Matrix.a(cyfitter_cfg.o)
 .debug_aranges
                0x00000160       0x20 .\CortexM0\ARM_GCC_484\Debug\RF_Switch_Matrix.a(CyBootAsmGnu.o)
 .debug_aranges
                0x00000180      0x190 .\CortexM0\ARM_GCC_484\Debug\RF_Switch_Matrix.a(CyLib.o)
 .debug_aranges
                0x00000310       0xf0 .\CortexM0\ARM_GCC_484\Debug\RF_Switch_Matrix.a(UART.o)
 .debug_aranges
                0x00000400       0x80 .\CortexM0\ARM_GCC_484\Debug\RF_Switch_Matrix.a(uartRx_isr.o)
 .debug_aranges
                0x00000480       0x28 .\CortexM0\ARM_GCC_484\Debug\RF_Switch_Matrix.a(OutputReg.o)
 .debug_aranges
                0x000004a8      0x158 .\CortexM0\ARM_GCC_484\Debug\RF_Switch_Matrix.a(CyLFClk.o)
 .debug_aranges
                0x00000600       0x40 .\CortexM0\ARM_GCC_484\Debug\RF_Switch_Matrix.a(UART_IntClock.o)
 .debug_aranges
                0x00000640       0x40 .\CortexM0\ARM_GCC_484\Debug\RF_Switch_Matrix.a(CyFlash.o)

.debug_pubnames
 *(.debug_pubnames)

.debug_info     0x00000000     0x2aeb
 *(.debug_info .gnu.linkonce.wi.*)
 .debug_info    0x00000000      0x348 .\CortexM0\ARM_GCC_484\Debug\main.o
 .debug_info    0x00000348      0x1fe .\CortexM0\ARM_GCC_484\Debug\cli.o
 .debug_info    0x00000546       0xfd .\CortexM0\ARM_GCC_484\Debug\cymetadata.o
 .debug_info    0x00000643      0x2fe .\CortexM0\ARM_GCC_484\Debug\Cm0Start.o
 .debug_info    0x00000941      0x444 .\CortexM0\ARM_GCC_484\Debug\RF_Switch_Matrix.a(cyfitter_cfg.o)
 .debug_info    0x00000d85       0x9e .\CortexM0\ARM_GCC_484\Debug\RF_Switch_Matrix.a(CyBootAsmGnu.o)
 .debug_info    0x00000e23      0x913 .\CortexM0\ARM_GCC_484\Debug\RF_Switch_Matrix.a(CyLib.o)
 .debug_info    0x00001736      0x500 .\CortexM0\ARM_GCC_484\Debug\RF_Switch_Matrix.a(UART.o)
 .debug_info    0x00001c36      0x244 .\CortexM0\ARM_GCC_484\Debug\RF_Switch_Matrix.a(uartRx_isr.o)
 .debug_info    0x00001e7a       0xd6 .\CortexM0\ARM_GCC_484\Debug\RF_Switch_Matrix.a(OutputReg.o)
 .debug_info    0x00001f50      0x838 .\CortexM0\ARM_GCC_484\Debug\RF_Switch_Matrix.a(CyLFClk.o)
 .debug_info    0x00002788      0x160 .\CortexM0\ARM_GCC_484\Debug\RF_Switch_Matrix.a(UART_IntClock.o)
 .debug_info    0x000028e8      0x203 .\CortexM0\ARM_GCC_484\Debug\RF_Switch_Matrix.a(CyFlash.o)

.debug_abbrev   0x00000000      0xf28
 *(.debug_abbrev)
 .debug_abbrev  0x00000000      0x134 .\CortexM0\ARM_GCC_484\Debug\main.o
 .debug_abbrev  0x00000134       0xe1 .\CortexM0\ARM_GCC_484\Debug\cli.o
 .debug_abbrev  0x00000215       0x5d .\CortexM0\ARM_GCC_484\Debug\cymetadata.o
 .debug_abbrev  0x00000272      0x1a5 .\CortexM0\ARM_GCC_484\Debug\Cm0Start.o
 .debug_abbrev  0x00000417      0x1ad .\CortexM0\ARM_GCC_484\Debug\RF_Switch_Matrix.a(cyfitter_cfg.o)
 .debug_abbrev  0x000005c4       0x14 .\CortexM0\ARM_GCC_484\Debug\RF_Switch_Matrix.a(CyBootAsmGnu.o)
 .debug_abbrev  0x000005d8      0x200 .\CortexM0\ARM_GCC_484\Debug\RF_Switch_Matrix.a(CyLib.o)
 .debug_abbrev  0x000007d8      0x170 .\CortexM0\ARM_GCC_484\Debug\RF_Switch_Matrix.a(UART.o)
 .debug_abbrev  0x00000948      0x177 .\CortexM0\ARM_GCC_484\Debug\RF_Switch_Matrix.a(uartRx_isr.o)
 .debug_abbrev  0x00000abf       0x8e .\CortexM0\ARM_GCC_484\Debug\RF_Switch_Matrix.a(OutputReg.o)
 .debug_abbrev  0x00000b4d      0x224 .\CortexM0\ARM_GCC_484\Debug\RF_Switch_Matrix.a(CyLFClk.o)
 .debug_abbrev  0x00000d71       0xb5 .\CortexM0\ARM_GCC_484\Debug\RF_Switch_Matrix.a(UART_IntClock.o)
 .debug_abbrev  0x00000e26      0x102 .\CortexM0\ARM_GCC_484\Debug\RF_Switch_Matrix.a(CyFlash.o)

.debug_line     0x00000000     0x17b5
 *(.debug_line)
 .debug_line    0x00000000      0x1a8 .\CortexM0\ARM_GCC_484\Debug\main.o
 .debug_line    0x000001a8       0xf0 .\CortexM0\ARM_GCC_484\Debug\cli.o
 .debug_line    0x00000298       0x53 .\CortexM0\ARM_GCC_484\Debug\cymetadata.o
 .debug_line    0x000002eb      0x1b8 .\CortexM0\ARM_GCC_484\Debug\Cm0Start.o
 .debug_line    0x000004a3      0x1c9 .\CortexM0\ARM_GCC_484\Debug\RF_Switch_Matrix.a(cyfitter_cfg.o)
 .debug_line    0x0000066c       0x68 .\CortexM0\ARM_GCC_484\Debug\RF_Switch_Matrix.a(CyBootAsmGnu.o)
 .debug_line    0x000006d4      0x48b .\CortexM0\ARM_GCC_484\Debug\RF_Switch_Matrix.a(CyLib.o)
 .debug_line    0x00000b5f      0x2ec .\CortexM0\ARM_GCC_484\Debug\RF_Switch_Matrix.a(UART.o)
 .debug_line    0x00000e4b      0x160 .\CortexM0\ARM_GCC_484\Debug\RF_Switch_Matrix.a(uartRx_isr.o)
 .debug_line    0x00000fab       0x74 .\CortexM0\ARM_GCC_484\Debug\RF_Switch_Matrix.a(OutputReg.o)
 .debug_line    0x0000101f      0x58a .\CortexM0\ARM_GCC_484\Debug\RF_Switch_Matrix.a(CyLFClk.o)
 .debug_line    0x000015a9       0xe3 .\CortexM0\ARM_GCC_484\Debug\RF_Switch_Matrix.a(UART_IntClock.o)
 .debug_line    0x0000168c      0x129 .\CortexM0\ARM_GCC_484\Debug\RF_Switch_Matrix.a(CyFlash.o)

.debug_frame    0x00000000     0x1908
 *(.debug_frame)
 .debug_frame   0x00000000      0x130 .\CortexM0\ARM_GCC_484\Debug\main.o
 .debug_frame   0x00000130       0xe4 .\CortexM0\ARM_GCC_484\Debug\cli.o
 .debug_frame   0x00000214       0xc8 .\CortexM0\ARM_GCC_484\Debug\Cm0Start.o
 .debug_frame   0x000002dc       0xe8 .\CortexM0\ARM_GCC_484\Debug\RF_Switch_Matrix.a(cyfitter_cfg.o)
 .debug_frame   0x000003c4      0x5c0 .\CortexM0\ARM_GCC_484\Debug\RF_Switch_Matrix.a(CyLib.o)
 .debug_frame   0x00000984      0x374 .\CortexM0\ARM_GCC_484\Debug\RF_Switch_Matrix.a(UART.o)
 .debug_frame   0x00000cf8      0x190 .\CortexM0\ARM_GCC_484\Debug\RF_Switch_Matrix.a(uartRx_isr.o)
 .debug_frame   0x00000e88       0x4c .\CortexM0\ARM_GCC_484\Debug\RF_Switch_Matrix.a(OutputReg.o)
 .debug_frame   0x00000ed4      0x500 .\CortexM0\ARM_GCC_484\Debug\RF_Switch_Matrix.a(CyLFClk.o)
 .debug_frame   0x000013d4       0xa4 .\CortexM0\ARM_GCC_484\Debug\RF_Switch_Matrix.a(UART_IntClock.o)
 .debug_frame   0x00001478       0xb8 .\CortexM0\ARM_GCC_484\Debug\RF_Switch_Matrix.a(CyFlash.o)
 .debug_frame   0x00001530       0x20 c:/program files (x86)/cypress/psoc creator/3.2/psoc creator/import/gnu/arm/4.8.4/bin/../lib/gcc/arm-none-eabi/4.8.4/armv6-m\libgcc.a(_udivsi3.o)
 .debug_frame   0x00001550       0x20 c:/program files (x86)/cypress/psoc creator/3.2/psoc creator/import/gnu/arm/4.8.4/bin/../lib/gcc/arm-none-eabi/4.8.4/armv6-m\libgcc.a(_divsi3.o)
 .debug_frame   0x00001570       0x20 c:/program files (x86)/cypress/psoc creator/3.2/psoc creator/import/gnu/arm/4.8.4/bin/../lib/gcc/arm-none-eabi/4.8.4/../../../../arm-none-eabi/lib/armv6-m\libg_s.a(lib_a-errno.o)
 .debug_frame   0x00001590       0x28 c:/program files (x86)/cypress/psoc creator/3.2/psoc creator/import/gnu/arm/4.8.4/bin/../lib/gcc/arm-none-eabi/4.8.4/../../../../arm-none-eabi/lib/armv6-m\libg_s.a(lib_a-exit.o)
 .debug_frame   0x000015b8       0x2c c:/program files (x86)/cypress/psoc creator/3.2/psoc creator/import/gnu/arm/4.8.4/bin/../lib/gcc/arm-none-eabi/4.8.4/../../../../arm-none-eabi/lib/armv6-m\libg_s.a(lib_a-init.o)
 .debug_frame   0x000015e4       0x40 c:/program files (x86)/cypress/psoc creator/3.2/psoc creator/import/gnu/arm/4.8.4/bin/../lib/gcc/arm-none-eabi/4.8.4/../../../../arm-none-eabi/lib/armv6-m\libg_s.a(lib_a-malloc.o)
 .debug_frame   0x00001624       0x28 c:/program files (x86)/cypress/psoc creator/3.2/psoc creator/import/gnu/arm/4.8.4/bin/../lib/gcc/arm-none-eabi/4.8.4/../../../../arm-none-eabi/lib/armv6-m\libg_s.a(lib_a-memcpy-stub.o)
 .debug_frame   0x0000164c       0x20 c:/program files (x86)/cypress/psoc creator/3.2/psoc creator/import/gnu/arm/4.8.4/bin/../lib/gcc/arm-none-eabi/4.8.4/../../../../arm-none-eabi/lib/armv6-m\libg_s.a(lib_a-memset.o)
 .debug_frame   0x0000166c       0x2c c:/program files (x86)/cypress/psoc creator/3.2/psoc creator/import/gnu/arm/4.8.4/bin/../lib/gcc/arm-none-eabi/4.8.4/../../../../arm-none-eabi/lib/armv6-m\libg_s.a(lib_a-nano-freer.o)
 .debug_frame   0x00001698       0x2c c:/program files (x86)/cypress/psoc creator/3.2/psoc creator/import/gnu/arm/4.8.4/bin/../lib/gcc/arm-none-eabi/4.8.4/../../../../arm-none-eabi/lib/armv6-m\libg_s.a(lib_a-nano-mallocr.o)
 .debug_frame   0x000016c4       0x2c c:/program files (x86)/cypress/psoc creator/3.2/psoc creator/import/gnu/arm/4.8.4/bin/../lib/gcc/arm-none-eabi/4.8.4/../../../../arm-none-eabi/lib/armv6-m\libg_s.a(lib_a-sbrkr.o)
 .debug_frame   0x000016f0       0x4c c:/program files (x86)/cypress/psoc creator/3.2/psoc creator/import/gnu/arm/4.8.4/bin/../lib/gcc/arm-none-eabi/4.8.4/../../../../arm-none-eabi/lib/armv6-m\libg_s.a(lib_a-sprintf.o)
 .debug_frame   0x0000173c       0x74 c:/program files (x86)/cypress/psoc creator/3.2/psoc creator/import/gnu/arm/4.8.4/bin/../lib/gcc/arm-none-eabi/4.8.4/../../../../arm-none-eabi/lib/armv6-m\libg_s.a(lib_a-svfprintf.o)
 .debug_frame   0x000017b0       0x54 c:/program files (x86)/cypress/psoc creator/3.2/psoc creator/import/gnu/arm/4.8.4/bin/../lib/gcc/arm-none-eabi/4.8.4/../../../../arm-none-eabi/lib/armv6-m\libg_s.a(lib_a-vfprintf_i.o)
 .debug_frame   0x00001804       0x20 c:/program files (x86)/cypress/psoc creator/3.2/psoc creator/import/gnu/arm/4.8.4/bin/../lib/gcc/arm-none-eabi/4.8.4/../../../../arm-none-eabi/lib/armv6-m\libg_s.a(lib_a-memchr-stub.o)
 .debug_frame   0x00001824       0x2c c:/program files (x86)/cypress/psoc creator/3.2/psoc creator/import/gnu/arm/4.8.4/bin/../lib/gcc/arm-none-eabi/4.8.4/../../../../arm-none-eabi/lib/armv6-m\libg_s.a(lib_a-memmove.o)
 .debug_frame   0x00001850       0x30 c:/program files (x86)/cypress/psoc creator/3.2/psoc creator/import/gnu/arm/4.8.4/bin/../lib/gcc/arm-none-eabi/4.8.4/../../../../arm-none-eabi/lib/armv6-m\libg_s.a(lib_a-nano-reallocr.o)
 .debug_frame   0x00001880       0x48 c:/program files (x86)/cypress/psoc creator/3.2/psoc creator/import/gnu/arm/4.8.4/bin/../lib/gcc/arm-none-eabi/4.8.4/../../../../arm-none-eabi/lib/armv6-m\libg_s.a(lib_a-reent.o)
 .debug_frame   0x000018c8       0x20 c:/program files (x86)/cypress/psoc creator/3.2/psoc creator/import/gnu/arm/4.8.4/bin/../lib/gcc/arm-none-eabi/4.8.4/../../../../arm-none-eabi/lib/armv6-m\libg_s.a(lib_a-strlen.o)
 .debug_frame   0x000018e8       0x20 c:/program files (x86)/cypress/psoc creator/3.2/psoc creator/import/gnu/arm/4.8.4/bin/../lib/gcc/arm-none-eabi/4.8.4/../../../../arm-none-eabi/lib/armv6-m\libg_s.a(lib_a-nano-msizer.o)

.debug_str      0x00000000     0x1552
 *(.debug_str)
 .debug_str     0x00000000      0x268 .\CortexM0\ARM_GCC_484\Debug\main.o
                                0x2ad (size before relaxing)
 .debug_str     0x00000268       0x7b .\CortexM0\ARM_GCC_484\Debug\cli.o
                                0x238 (size before relaxing)
 .debug_str     0x000002e3       0x5b .\CortexM0\ARM_GCC_484\Debug\cymetadata.o
                                0x1ca (size before relaxing)
 .debug_str     0x0000033e      0x135 .\CortexM0\ARM_GCC_484\Debug\Cm0Start.o
                                0x2be (size before relaxing)
 .debug_str     0x00000473      0x150 .\CortexM0\ARM_GCC_484\Debug\RF_Switch_Matrix.a(cyfitter_cfg.o)
                                0x303 (size before relaxing)
 .debug_str     0x000005c3      0x4bb .\CortexM0\ARM_GCC_484\Debug\RF_Switch_Matrix.a(CyLib.o)
                                0x671 (size before relaxing)
 .debug_str     0x00000a7e      0x27b .\CortexM0\ARM_GCC_484\Debug\RF_Switch_Matrix.a(UART.o)
                                0x411 (size before relaxing)
 .debug_str     0x00000cf9      0x13d .\CortexM0\ARM_GCC_484\Debug\RF_Switch_Matrix.a(uartRx_isr.o)
                                0x2f3 (size before relaxing)
 .debug_str     0x00000e36       0x44 .\CortexM0\ARM_GCC_484\Debug\RF_Switch_Matrix.a(OutputReg.o)
                                0x1b7 (size before relaxing)
 .debug_str     0x00000e7a      0x51a .\CortexM0\ARM_GCC_484\Debug\RF_Switch_Matrix.a(CyLFClk.o)
                                0x6c1 (size before relaxing)
 .debug_str     0x00001394       0xfd .\CortexM0\ARM_GCC_484\Debug\RF_Switch_Matrix.a(UART_IntClock.o)
                                0x277 (size before relaxing)
 .debug_str     0x00001491       0xc1 .\CortexM0\ARM_GCC_484\Debug\RF_Switch_Matrix.a(CyFlash.o)
                                0x263 (size before relaxing)

.debug_loc
 *(.debug_loc)

.debug_macinfo
 *(.debug_macinfo)

.debug_ranges   0x00000000      0x598
 *(.debug_ranges)
 .debug_ranges  0x00000000       0x50 .\CortexM0\ARM_GCC_484\Debug\main.o
 .debug_ranges  0x00000050       0x40 .\CortexM0\ARM_GCC_484\Debug\cli.o
 .debug_ranges  0x00000090       0x38 .\CortexM0\ARM_GCC_484\Debug\Cm0Start.o
 .debug_ranges  0x000000c8       0x40 .\CortexM0\ARM_GCC_484\Debug\RF_Switch_Matrix.a(cyfitter_cfg.o)
 .debug_ranges  0x00000108      0x180 .\CortexM0\ARM_GCC_484\Debug\RF_Switch_Matrix.a(CyLib.o)
 .debug_ranges  0x00000288       0xe0 .\CortexM0\ARM_GCC_484\Debug\RF_Switch_Matrix.a(UART.o)
 .debug_ranges  0x00000368       0x70 .\CortexM0\ARM_GCC_484\Debug\RF_Switch_Matrix.a(uartRx_isr.o)
 .debug_ranges  0x000003d8       0x18 .\CortexM0\ARM_GCC_484\Debug\RF_Switch_Matrix.a(OutputReg.o)
 .debug_ranges  0x000003f0      0x148 .\CortexM0\ARM_GCC_484\Debug\RF_Switch_Matrix.a(CyLFClk.o)
 .debug_ranges  0x00000538       0x30 .\CortexM0\ARM_GCC_484\Debug\RF_Switch_Matrix.a(UART_IntClock.o)
 .debug_ranges  0x00000568       0x30 .\CortexM0\ARM_GCC_484\Debug\RF_Switch_Matrix.a(CyFlash.o)

.comment        0x00000000       0x70
 .comment       0x00000000       0x70 .\CortexM0\ARM_GCC_484\Debug\main.o
                                 0x71 (size before relaxing)
 .comment       0x00000000       0x71 .\CortexM0\ARM_GCC_484\Debug\cli.o
 .comment       0x00000000       0x71 .\CortexM0\ARM_GCC_484\Debug\cymetadata.o
 .comment       0x00000000       0x71 .\CortexM0\ARM_GCC_484\Debug\Cm0Start.o
 .comment       0x00000000       0x71 .\CortexM0\ARM_GCC_484\Debug\RF_Switch_Matrix.a(cyfitter_cfg.o)
 .comment       0x00000000       0x71 .\CortexM0\ARM_GCC_484\Debug\RF_Switch_Matrix.a(CyLib.o)
 .comment       0x00000000       0x71 .\CortexM0\ARM_GCC_484\Debug\RF_Switch_Matrix.a(UART.o)
 .comment       0x00000000       0x71 .\CortexM0\ARM_GCC_484\Debug\RF_Switch_Matrix.a(uartRx_isr.o)
 .comment       0x00000000       0x71 .\CortexM0\ARM_GCC_484\Debug\RF_Switch_Matrix.a(OutputReg.o)
 .comment       0x00000000       0x71 .\CortexM0\ARM_GCC_484\Debug\RF_Switch_Matrix.a(CyLFClk.o)
 .comment       0x00000000       0x71 .\CortexM0\ARM_GCC_484\Debug\RF_Switch_Matrix.a(UART_IntClock.o)
 .comment       0x00000000       0x71 .\CortexM0\ARM_GCC_484\Debug\RF_Switch_Matrix.a(CyFlash.o)

.debug_weaknames
 *(.debug_weaknames)

.debug_funcnames
 *(.debug_funcnames)

.debug_typenames
 *(.debug_typenames)

.debug_varnames
 *(.debug_varnames)

.note.gnu.arm.ident
 *(.note.gnu.arm.ident)

.ARM.attributes
                0x00000000       0x28
 *(.ARM.attributes)
 .ARM.attributes
                0x00000000       0x1e c:/program files (x86)/cypress/psoc creator/3.2/psoc creator/import/gnu/arm/4.8.4/bin/../lib/gcc/arm-none-eabi/4.8.4/armv6-m/crti.o
 .ARM.attributes
                0x0000001e       0x2c c:/program files (x86)/cypress/psoc creator/3.2/psoc creator/import/gnu/arm/4.8.4/bin/../lib/gcc/arm-none-eabi/4.8.4/armv6-m/crtbegin.o
 .ARM.attributes
                0x0000004a       0x1b c:/program files (x86)/cypress/psoc creator/3.2/psoc creator/import/gnu/arm/4.8.4/bin/../lib/gcc/arm-none-eabi/4.8.4/../../../../arm-none-eabi/lib/armv6-m/crt0.o
 .ARM.attributes
                0x00000065       0x31 .\CortexM0\ARM_GCC_484\Debug\main.o
 .ARM.attributes
                0x00000096       0x31 .\CortexM0\ARM_GCC_484\Debug\cli.o
 .ARM.attributes
                0x000000c7       0x31 .\CortexM0\ARM_GCC_484\Debug\cymetadata.o
 .ARM.attributes
                0x000000f8       0x31 .\CortexM0\ARM_GCC_484\Debug\Cm0Start.o
 .ARM.attributes
                0x00000129       0x31 .\CortexM0\ARM_GCC_484\Debug\RF_Switch_Matrix.a(cyfitter_cfg.o)
 .ARM.attributes
                0x0000015a       0x21 .\CortexM0\ARM_GCC_484\Debug\RF_Switch_Matrix.a(CyBootAsmGnu.o)
 .ARM.attributes
                0x0000017b       0x31 .\CortexM0\ARM_GCC_484\Debug\RF_Switch_Matrix.a(CyLib.o)
 .ARM.attributes
                0x000001ac       0x31 .\CortexM0\ARM_GCC_484\Debug\RF_Switch_Matrix.a(UART.o)
 .ARM.attributes
                0x000001dd       0x31 .\CortexM0\ARM_GCC_484\Debug\RF_Switch_Matrix.a(uartRx_isr.o)
 .ARM.attributes
                0x0000020e       0x31 .\CortexM0\ARM_GCC_484\Debug\RF_Switch_Matrix.a(OutputReg.o)
 .ARM.attributes
                0x0000023f       0x31 .\CortexM0\ARM_GCC_484\Debug\RF_Switch_Matrix.a(CyLFClk.o)
 .ARM.attributes
                0x00000270       0x31 .\CortexM0\ARM_GCC_484\Debug\RF_Switch_Matrix.a(UART_IntClock.o)
 .ARM.attributes
                0x000002a1       0x31 .\CortexM0\ARM_GCC_484\Debug\RF_Switch_Matrix.a(CyFlash.o)
 .ARM.attributes
                0x000002d2       0x1e c:/program files (x86)/cypress/psoc creator/3.2/psoc creator/import/gnu/arm/4.8.4/bin/../lib/gcc/arm-none-eabi/4.8.4/armv6-m\libgcc.a(_udivsi3.o)
 .ARM.attributes
                0x000002f0       0x1e c:/program files (x86)/cypress/psoc creator/3.2/psoc creator/import/gnu/arm/4.8.4/bin/../lib/gcc/arm-none-eabi/4.8.4/armv6-m\libgcc.a(_divsi3.o)
 .ARM.attributes
                0x0000030e       0x1e c:/program files (x86)/cypress/psoc creator/3.2/psoc creator/import/gnu/arm/4.8.4/bin/../lib/gcc/arm-none-eabi/4.8.4/armv6-m\libgcc.a(_dvmd_tls.o)
 .ARM.attributes
                0x0000032c       0x2c c:/program files (x86)/cypress/psoc creator/3.2/psoc creator/import/gnu/arm/4.8.4/bin/../lib/gcc/arm-none-eabi/4.8.4/../../../../arm-none-eabi/lib/armv6-m\libg_s.a(lib_a-errno.o)
 .ARM.attributes
                0x00000358       0x2c c:/program files (x86)/cypress/psoc creator/3.2/psoc creator/import/gnu/arm/4.8.4/bin/../lib/gcc/arm-none-eabi/4.8.4/../../../../arm-none-eabi/lib/armv6-m\libg_s.a(lib_a-exit.o)
 .ARM.attributes
                0x00000384       0x2c c:/program files (x86)/cypress/psoc creator/3.2/psoc creator/import/gnu/arm/4.8.4/bin/../lib/gcc/arm-none-eabi/4.8.4/../../../../arm-none-eabi/lib/armv6-m\libg_s.a(lib_a-impure.o)
 .ARM.attributes
                0x000003b0       0x2c c:/program files (x86)/cypress/psoc creator/3.2/psoc creator/import/gnu/arm/4.8.4/bin/../lib/gcc/arm-none-eabi/4.8.4/../../../../arm-none-eabi/lib/armv6-m\libg_s.a(lib_a-init.o)
 .ARM.attributes
                0x000003dc       0x2c c:/program files (x86)/cypress/psoc creator/3.2/psoc creator/import/gnu/arm/4.8.4/bin/../lib/gcc/arm-none-eabi/4.8.4/../../../../arm-none-eabi/lib/armv6-m\libg_s.a(lib_a-malloc.o)
 .ARM.attributes
                0x00000408       0x2c c:/program files (x86)/cypress/psoc creator/3.2/psoc creator/import/gnu/arm/4.8.4/bin/../lib/gcc/arm-none-eabi/4.8.4/../../../../arm-none-eabi/lib/armv6-m\libg_s.a(lib_a-memcpy-stub.o)
 .ARM.attributes
                0x00000434       0x2c c:/program files (x86)/cypress/psoc creator/3.2/psoc creator/import/gnu/arm/4.8.4/bin/../lib/gcc/arm-none-eabi/4.8.4/../../../../arm-none-eabi/lib/armv6-m\libg_s.a(lib_a-memset.o)
 .ARM.attributes
                0x00000460       0x2c c:/program files (x86)/cypress/psoc creator/3.2/psoc creator/import/gnu/arm/4.8.4/bin/../lib/gcc/arm-none-eabi/4.8.4/../../../../arm-none-eabi/lib/armv6-m\libg_s.a(lib_a-nano-freer.o)
 .ARM.attributes
                0x0000048c       0x2c c:/program files (x86)/cypress/psoc creator/3.2/psoc creator/import/gnu/arm/4.8.4/bin/../lib/gcc/arm-none-eabi/4.8.4/../../../../arm-none-eabi/lib/armv6-m\libg_s.a(lib_a-nano-mallocr.o)
 .ARM.attributes
                0x000004b8       0x2c c:/program files (x86)/cypress/psoc creator/3.2/psoc creator/import/gnu/arm/4.8.4/bin/../lib/gcc/arm-none-eabi/4.8.4/../../../../arm-none-eabi/lib/armv6-m\libg_s.a(lib_a-sbrkr.o)
 .ARM.attributes
                0x000004e4       0x2c c:/program files (x86)/cypress/psoc creator/3.2/psoc creator/import/gnu/arm/4.8.4/bin/../lib/gcc/arm-none-eabi/4.8.4/../../../../arm-none-eabi/lib/armv6-m\libg_s.a(lib_a-sprintf.o)
 .ARM.attributes
                0x00000510       0x2c c:/program files (x86)/cypress/psoc creator/3.2/psoc creator/import/gnu/arm/4.8.4/bin/../lib/gcc/arm-none-eabi/4.8.4/../../../../arm-none-eabi/lib/armv6-m\libg_s.a(lib_a-svfprintf.o)
 .ARM.attributes
                0x0000053c       0x2c c:/program files (x86)/cypress/psoc creator/3.2/psoc creator/import/gnu/arm/4.8.4/bin/../lib/gcc/arm-none-eabi/4.8.4/../../../../arm-none-eabi/lib/armv6-m\libg_s.a(lib_a-vfprintf_i.o)
 .ARM.attributes
                0x00000568       0x2c c:/program files (x86)/cypress/psoc creator/3.2/psoc creator/import/gnu/arm/4.8.4/bin/../lib/gcc/arm-none-eabi/4.8.4/../../../../arm-none-eabi/lib/armv6-m\libg_s.a(lib_a-memchr-stub.o)
 .ARM.attributes
                0x00000594       0x2c c:/program files (x86)/cypress/psoc creator/3.2/psoc creator/import/gnu/arm/4.8.4/bin/../lib/gcc/arm-none-eabi/4.8.4/../../../../arm-none-eabi/lib/armv6-m\libg_s.a(lib_a-memmove.o)
 .ARM.attributes
                0x000005c0       0x2c c:/program files (x86)/cypress/psoc creator/3.2/psoc creator/import/gnu/arm/4.8.4/bin/../lib/gcc/arm-none-eabi/4.8.4/../../../../arm-none-eabi/lib/armv6-m\libg_s.a(lib_a-nano-reallocr.o)
 .ARM.attributes
                0x000005ec       0x2c c:/program files (x86)/cypress/psoc creator/3.2/psoc creator/import/gnu/arm/4.8.4/bin/../lib/gcc/arm-none-eabi/4.8.4/../../../../arm-none-eabi/lib/armv6-m\libg_s.a(lib_a-reent.o)
 .ARM.attributes
                0x00000618       0x2c c:/program files (x86)/cypress/psoc creator/3.2/psoc creator/import/gnu/arm/4.8.4/bin/../lib/gcc/arm-none-eabi/4.8.4/../../../../arm-none-eabi/lib/armv6-m\libg_s.a(lib_a-strlen.o)
 .ARM.attributes
                0x00000644       0x2c c:/program files (x86)/cypress/psoc creator/3.2/psoc creator/import/gnu/arm/4.8.4/bin/../lib/gcc/arm-none-eabi/4.8.4/../../../../arm-none-eabi/lib/armv6-m\libg_s.a(lib_a-nano-msizer.o)
 .ARM.attributes
                0x00000670       0x2c c:/program files (x86)/cypress/psoc creator/3.2/psoc creator/import/gnu/arm/4.8.4/bin/../lib/gcc/arm-none-eabi/4.8.4/armv6-m/crtend.o
 .ARM.attributes
                0x0000069c       0x1e c:/program files (x86)/cypress/psoc creator/3.2/psoc creator/import/gnu/arm/4.8.4/bin/../lib/gcc/arm-none-eabi/4.8.4/armv6-m/crtn.o

/DISCARD/
 *(.note.GNU-stack)
OUTPUT(.\CortexM0\ARM_GCC_484\Debug\RF_Switch_Matrix.elf elf32-littlearm)
